             VMA              LMA     Size Align Out     In      Symbol
               0                0 80200000     1 . = 0x80200000
        80200000                0        0     1 __text_start = .
        80200000         80200000    2fd60    16 .text
        80200000         80200000       14    16         /home/jenning/open-nexus-OS/target/riscv64imac-unknown-none-elf/release/deps/neuron_boot-e0aef560eea0105d.neuron_boot.a804ee21456d1b0b-cgu.0.rcgu.o:(.text._start)
        80200000         80200000        0     1                 .Lpcrel_hi0
        80200000         80200000        0     1                 $x
        80200000         80200000        0     1                 _start
        80200008         80200008        0     1                 .Lpcrel_hi1
        80200020         80200020       1e    16         /home/jenning/open-nexus-OS/target/riscv64imac-unknown-none-elf/release/deps/neuron_boot-e0aef560eea0105d.neuron_boot.a804ee21456d1b0b-cgu.0.rcgu.o:(.text.stack_run)
        80200020         80200020        0     1                 $x
        80200020         80200020        0     1                 run_selftest_on_stack
        80200040         80200040       12    16         /home/jenning/open-nexus-OS/target/riscv64imac-unknown-none-elf/release/deps/neuron_boot-e0aef560eea0105d.neuron_boot.a804ee21456d1b0b-cgu.0.rcgu.o:(.text.__secondary_hart_start)
        80200040         80200040        0     1                 $x
        80200040         80200040       12     1                 __secondary_hart_start
        80200042         80200042        0     1                 .Lpcrel_hi2
        80200060         80200060       f0    16         /home/jenning/open-nexus-OS/target/riscv64imac-unknown-none-elf/release/deps/neuron_boot-e0aef560eea0105d.neuron_boot.a804ee21456d1b0b-cgu.0.rcgu.o:(.text.__trap_vector)
        80200060         80200060        0     1                 $x
        80200060         80200060       f0     1                 __trap_vector
        802000d8         802000d8        0     1                 .Lpcrel_hi3
        80200150         80200150       1c     4         /home/jenning/open-nexus-OS/target/riscv64imac-unknown-none-elf/release/deps/neuron_boot-e0aef560eea0105d.neuron_boot.a804ee21456d1b0b-cgu.0.rcgu.o:(.text.__satp_trampoline)
        80200150         80200150        0     1                 $x
        80200150         80200150       1c     1                 __satp_trampoline
        8020015a         8020015a        0     1                 .Lpcrel_hi4
        8020016c         8020016c       60     2         /home/jenning/open-nexus-OS/target/riscv64imac-unknown-none-elf/release/deps/neuron_boot-e0aef560eea0105d.neuron_boot.a804ee21456d1b0b-cgu.0.rcgu.o:(.text._ZN11neuron_boot15uart_write_line17h44da94b892e43678E)
        8020016c         8020016c       60     1                 neuron_boot::uart_write_line::h44da94b892e43678
        8020016c         8020016c        0     1                 .L0 
        8020016c         8020016c        0     1                 $x
        80200176         80200176        0     1                 .Lpcrel_hi5
        802001cc         802001cc        0     1                 .L0 
        802001cc         802001cc       1c     2         /home/jenning/open-nexus-OS/target/riscv64imac-unknown-none-elf/release/deps/neuron_boot-e0aef560eea0105d.neuron_boot.a804ee21456d1b0b-cgu.0.rcgu.o:(.text.start_rust)
        802001cc         802001cc        0     1                 .L0 
        802001cc         802001cc        0     1                 $x
        802001cc         802001cc       1c     1                 start_rust
        802001e8         802001e8       9c     2         /home/jenning/open-nexus-OS/target/riscv64imac-unknown-none-elf/release/deps/neuron_boot-e0aef560eea0105d.neuron_boot.a804ee21456d1b0b-cgu.0.rcgu.o:(.text._ZN5alloc7raw_vec19RawVec$LT$T$C$A$GT$8grow_one17h8f3f082a665511c3E)
        802001e8         802001e8       9c     1                 alloc::raw_vec::RawVec$LT$T$C$A$GT$::grow_one::h8f3f082a665511c3
        802001e8         802001e8        0     1                 .L0 
        802001e8         802001e8        0     1                 .L0 
        802001e8         802001e8        0     1                 $x
        802001e8         802001e8        0     1                 .L0 
        802001f8         802001f8        0     1                 .L0 
        802001f8         802001f8        0     1                 .L0 
        802001fa         802001fa        0     1                 .L0 
        802001fa         802001fa        0     1                 .L0 
        802001fe         802001fe        0     1                 .L0 
        80200204         80200204        0     1                 .L0 
        80200204         80200204        0     1                 .L0 
        80200208         80200208        0     1                 .L0 
        80200208         80200208        0     1                 .L0 
        8020020a         8020020a        0     1                 .L0 
        8020020e         8020020e        0     1                 .L0 
        8020020e         8020020e        0     1                 .L0 
        80200212         80200212        0     1                 .L0 
        80200212         80200212        0     1                 .L0 
        80200214         80200214        0     1                 .L0 
        80200214         80200214        0     1                 .L0 
        80200218         80200218        0     1                 .L0 
        80200218         80200218        0     1                 .L0 
        80200222         80200222        0     1                 .L0 
        80200226         80200226        0     1                 .L0 
        80200226         80200226        0     1                 .L0 
        80200238         80200238        0     1                 .L0 
        80200238         80200238        0     1                 .L0 
        8020023c         8020023c        0     1                 .L0 
        8020023e         8020023e        0     1                 .L0 
        80200242         80200242        0     1                 .L0 
        80200242         80200242        0     1                 .L0 
        80200246         80200246        0     1                 .L0 
        80200254         80200254        0     1                 .L0 
        80200254         80200254        0     1                 .L0 
        80200258         80200258        0     1                 .L0 
        8020025c         8020025c        0     1                 .L0 
        80200260         80200260        0     1                 .L0 
        80200262         80200262        0     1                 .L0 
        80200262         80200262        0     1                 .L0 
        80200266         80200266        0     1                 .L0 
        80200266         80200266        0     1                 .L0 
        80200268         80200268        0     1                 .L0 
        80200272         80200272        0     1                 .L0 
        80200272         80200272        0     1                 .L0 
        8020027a         8020027a        0     1                 .L0 
        8020027a         8020027a        0     1                 .L0 
        80200284         80200284        0     1                 .L0 
        80200284         80200284        0     1                 .L0 
        80200284         80200284        0     1                 .L0 
        80200284         80200284        0     1                 .L0 
        80200284         80200284      13e     2         /home/jenning/open-nexus-OS/target/riscv64imac-unknown-none-elf/release/deps/neuron_boot-e0aef560eea0105d.neuron_boot.a804ee21456d1b0b-cgu.0.rcgu.o:(.text.unlikely._ZN5alloc7raw_vec11finish_grow17h06fba970cd990155E)
        80200284         80200284      13e     1                 alloc::raw_vec::finish_grow::h06fba970cd990155
        80200284         80200284        0     1                 .L0 
        80200284         80200284        0     1                 .L0 
        80200284         80200284        0     1                 $x
        80200284         80200284        0     1                 .L0 
        8020029c         8020029c        0     1                 .L0 
        802002a2         802002a2        0     1                 .Lpcrel_hi6
        802002aa         802002aa        0     1                 .L0 
        802002ac         802002ac        0     1                 .L0 
        802002b0         802002b0        0     1                 .L0 
        802002b0         802002b0        0     1                 .L0 
        802002b4         802002b4        0     1                 .L0 
        802002b4         802002b4        0     1                 .L0 
        802002b8         802002b8        0     1                 .L0 
        802002b8         802002b8        0     1                 .L0 
        802002ee         802002ee        0     1                 .L0 
        802002f0         802002f0        0     1                 .L0 
        80200306         80200306        0     1                 .L0 
        80200308         80200308        0     1                 .L0 
        80200330         80200330        0     1                 .L0 
        80200330         80200330        0     1                 .Lpcrel_hi8
        80200330         80200330        0     1                 .L0 
        80200338         80200338        0     1                 .L0 
        8020035a         8020035a        0     1                 .L0 
        8020035a         8020035a        0     1                 .Lpcrel_hi7
        8020035a         8020035a        0     1                 .L0 
        80200362         80200362        0     1                 .L0 
        80200384         80200384        0     1                 .L0 
        80200384         80200384        0     1                 .L0 
        80200398         80200398        0     1                 .L0 
        80200398         80200398        0     1                 .L0 
        8020039c         8020039c        0     1                 .L0 
        8020039e         8020039e        0     1                 .L0 
        802003be         802003be        0     1                 .L0 
        802003c2         802003c2        0     1                 .L0 
        802003c2         802003c2        0     1                 .L0 
        802003c2         802003c2        0     1                 .L0 
        802003c2         802003c2       1c     2         /home/jenning/open-nexus-OS/target/riscv64imac-unknown-none-elf/release/deps/neuron_boot-e0aef560eea0105d.neuron_boot.a804ee21456d1b0b-cgu.0.rcgu.o:(.text.unlikely._ZN5alloc7raw_vec12handle_error17h6fd4aa35f3723d38E)
        802003c2         802003c2       1c     1                 alloc::raw_vec::handle_error::h6fd4aa35f3723d38
        802003c2         802003c2        0     1                 .L0 
        802003c2         802003c2        0     1                 .L0 
        802003c2         802003c2        0     1                 $x
        802003c2         802003c2        0     1                 .L0 
        802003ca         802003ca        0     1                 .L0 
        802003ca         802003ca        0     1                 .L0 
        802003cc         802003cc        0     1                 .L0 
        802003cc         802003cc        0     1                 .L0 
        802003d6         802003d6        0     1                 .L0 
        802003de         802003de        0     1                 .L0 
        802003de         802003de        0     1                 .L0 
        802003de         802003de        0     1                 .L0 
        802003de         802003de       36     2         /home/jenning/open-nexus-OS/target/riscv64imac-unknown-none-elf/release/deps/neuron_boot-e0aef560eea0105d.neuron_boot.a804ee21456d1b0b-cgu.0.rcgu.o:(.text._ZN5alloc7raw_vec17capacity_overflow17h1a8d921f7469c212E)
        802003de         802003de       36     1                 alloc::raw_vec::capacity_overflow::h1a8d921f7469c212
        802003de         802003de        0     1                 .L0 
        802003de         802003de        0     1                 .L0 
        802003de         802003de        0     1                 $x
        802003de         802003de        0     1                 .L0 
        802003e8         802003e8        0     1                 .Lpcrel_hi9
        802003e8         802003e8        0     1                 .L0 
        802003e8         802003e8        0     1                 .L0 
        80200408         80200408        0     1                 .L0 
        80200414         80200414        0     1                 .L0 
        80200414         80200414       16     2         /home/jenning/open-nexus-OS/target/riscv64imac-unknown-none-elf/release/deps/neuron_boot-e0aef560eea0105d.neuron_boot.a804ee21456d1b0b-cgu.0.rcgu.o:(.text.unlikely._ZN5alloc5alloc18handle_alloc_error17hf19c88e5a966baf5E)
        80200414         80200414       16     1                 alloc::alloc::handle_alloc_error::hf19c88e5a966baf5
        80200414         80200414        0     1                 .L0 
        80200414         80200414        0     1                 .L0 
        80200414         80200414        0     1                 $x
        80200414         80200414        0     1                 .L0 
        8020041e         8020041e        0     1                 .L0 
        8020041e         8020041e        0     1                 .L0 
        8020042a         8020042a        0     1                 .L0 
        8020042a         8020042a       96     2         /home/jenning/open-nexus-OS/target/riscv64imac-unknown-none-elf/release/deps/neuron_boot-e0aef560eea0105d.neuron_boot.a804ee21456d1b0b-cgu.0.rcgu.o:(.text.unlikely._ZN5alloc7raw_vec20RawVecInner$LT$A$GT$7reserve21do_reserve_and_handle17h06b56f979d4cdbb8E)
        8020042a         8020042a       96     1                 alloc::raw_vec::RawVecInner$LT$A$GT$::reserve::do_reserve_and_handle::h06b56f979d4cdbb8
        8020042a         8020042a        0     1                 .L0 
        8020042a         8020042a        0     1                 .L0 
        8020042a         8020042a        0     1                 $x
        8020042a         8020042a        0     1                 .L0 
        80200436         80200436        0     1                 .L0 
        80200436         80200436        0     1                 .L0 
        80200438         80200438        0     1                 .L0 
        80200438         80200438        0     1                 .L0 
        8020043c         8020043c        0     1                 .L0 
        8020043c         8020043c        0     1                 .L0 
        8020043e         8020043e        0     1                 .L0 
        80200444         80200444        0     1                 .L0 
        80200444         80200444        0     1                 .L0 
        80200448         80200448        0     1                 .L0 
        80200448         80200448        0     1                 .L0 
        8020044a         8020044a        0     1                 .L0 
        8020044e         8020044e        0     1                 .L0 
        8020044e         8020044e        0     1                 .L0 
        80200452         80200452        0     1                 .L0 
        80200452         80200452        0     1                 .L0 
        80200454         80200454        0     1                 .L0 
        80200454         80200454        0     1                 .L0 
        80200458         80200458        0     1                 .L0 
        80200458         80200458        0     1                 .L0 
        80200462         80200462        0     1                 .L0 
        80200466         80200466        0     1                 .L0 
        80200466         80200466        0     1                 .L0 
        80200478         80200478        0     1                 .L0 
        80200478         80200478        0     1                 .L0 
        8020047c         8020047c        0     1                 .L0 
        8020047e         8020047e        0     1                 .L0 
        80200482         80200482        0     1                 .L0 
        80200482         80200482        0     1                 .L0 
        80200486         80200486        0     1                 .L0 
        80200492         80200492        0     1                 .L0 
        80200492         80200492        0     1                 .L0 
        80200496         80200496        0     1                 .L0 
        8020049a         8020049a        0     1                 .L0 
        8020049e         8020049e        0     1                 .L0 
        802004a0         802004a0        0     1                 .L0 
        802004a0         802004a0        0     1                 .L0 
        802004a4         802004a4        0     1                 .L0 
        802004a4         802004a4        0     1                 .L0 
        802004a6         802004a6        0     1                 .Lpcrel_hi10
        802004a6         802004a6        0     1                 .L0 
        802004b6         802004b6        0     1                 .L0 
        802004b6         802004b6        0     1                 .L0 
        802004c0         802004c0        0     1                 .L0 
        802004c0         802004c0        0     1                 .L0 
        802004c0         802004c0        0     1                 .L0 
        802004c0         802004c0        0     1                 .L0 
        802004c0         802004c0       20     2         /home/jenning/open-nexus-OS/target/riscv64imac-unknown-none-elf/release/deps/neuron_boot-e0aef560eea0105d.neuron_boot.a804ee21456d1b0b-cgu.0.rcgu.o:(.text._ZN53_$LT$core..fmt..Error$u20$as$u20$core..fmt..Debug$GT$3fmt17hb292c138d35b10e6E)
        802004c0         802004c0       20     1                 _$LT$core..fmt..Error$u20$as$u20$core..fmt..Debug$GT$::fmt::hb292c138d35b10e6
        802004c0         802004c0        0     1                 .L0 
        802004c0         802004c0        0     1                 .L0 
        802004c0         802004c0        0     1                 $x
        802004c0         802004c0        0     1                 .L0 
        802004c8         802004c8        0     1                 .L0 
        802004c8         802004c8        0     1                 .L0 
        802004ce         802004ce        0     1                 .Lpcrel_hi11
        802004dc         802004dc        0     1                 .L0 
        802004e0         802004e0        0     1                 .L0 
        802004e0         802004e0       52     2         /home/jenning/open-nexus-OS/target/riscv64imac-unknown-none-elf/release/deps/neuron_boot-e0aef560eea0105d.neuron_boot.a804ee21456d1b0b-cgu.0.rcgu.o:(.text._ZN4core3ptr42drop_in_place$LT$alloc..string..String$GT$17hef787f24c62d33bfE)
        802004e0         802004e0       52     1                 core::ptr::drop_in_place$LT$alloc..string..String$GT$::hef787f24c62d33bf
        802004e0         802004e0        0     1                 .L0 
        802004e0         802004e0        0     1                 .L0 
        802004e0         802004e0        0     1                 $x
        802004e0         802004e0        0     1                 .L0 
        802004e2         802004e2        0     1                 .L0 
        802004e2         802004e2        0     1                 .L0 
        802004e4         802004e4        0     1                 .L0 
        802004e6         802004e6        0     1                 .L0 
        802004ee         802004ee        0     1                 .L0 
        802004f0         802004f0        0     1                 .Lpcrel_hi12
        802004f0         802004f0        0     1                 .L0 
        802004f0         802004f0        0     1                 .L0 
        80200530         80200530        0     1                 .L0 
        80200530         80200530        0     1                 .L0 
        80200532         80200532        0     1                 .L0 
        80200532         80200532        0     1                 .L0 
        80200532         80200532        0     1                 .L0 
        80200532         80200532       60     2         /home/jenning/open-nexus-OS/target/riscv64imac-unknown-none-elf/release/deps/neuron_boot-e0aef560eea0105d.neuron_boot.a804ee21456d1b0b-cgu.0.rcgu.o:(.text._ZN58_$LT$alloc..string..String$u20$as$u20$core..fmt..Write$GT$9write_str17h7db06eac76b41ff7E)
        80200532         80200532       60     1                 _$LT$alloc..string..String$u20$as$u20$core..fmt..Write$GT$::write_str::h7db06eac76b41ff7
        80200532         80200532        0     1                 .L0 
        80200532         80200532        0     1                 .L0 
        80200532         80200532        0     1                 $x
        80200532         80200532        0     1                 .L0 
        80200544         80200544        0     1                 .L0 
        80200544         80200544        0     1                 .L0 
        80200548         80200548        0     1                 .L0 
        80200548         80200548        0     1                 .L0 
        8020054a         8020054a        0     1                 .L0 
        8020054a         8020054a        0     1                 .L0 
        80200550         80200550        0     1                 .L0 
        80200554         80200554        0     1                 .L0 
        80200554         80200554        0     1                 .L0 
        80200556         80200556        0     1                 .L0 
        80200556         80200556        0     1                 .L0 
        80200558         80200558        0     1                 .L0 
        80200558         80200558        0     1                 .L0 
        80200562         80200562        0     1                 .L0 
        80200568         80200568        0     1                 .L0 
        80200568         80200568        0     1                 .L0 
        80200576         80200576        0     1                 .L0 
        8020057a         8020057a        0     1                 .L0 
        8020057a         8020057a        0     1                 .L0 
        8020058c         8020058c        0     1                 .L0 
        8020058c         8020058c        0     1                 .L0 
        80200592         80200592        0     1                 .L0 
        80200592         80200592        0     1                 .L0 
        80200592         80200592        0     1                 .L0 
        80200592         80200592        0     1                 .L0 
        80200592         80200592      120     2         /home/jenning/open-nexus-OS/target/riscv64imac-unknown-none-elf/release/deps/neuron_boot-e0aef560eea0105d.neuron_boot.a804ee21456d1b0b-cgu.0.rcgu.o:(.text._ZN58_$LT$alloc..string..String$u20$as$u20$core..fmt..Write$GT$10write_char17h39a346a59c18f3b0E)
        80200592         80200592      120     1                 _$LT$alloc..string..String$u20$as$u20$core..fmt..Write$GT$::write_char::h39a346a59c18f3b0
        80200592         80200592        0     1                 .L0 
        80200592         80200592        0     1                 .L0 
        80200592         80200592        0     1                 $x
        80200592         80200592        0     1                 .L0 
        802005a8         802005a8        0     1                 .L0 
        802005a8         802005a8        0     1                 .L0 
        802005ac         802005ac        0     1                 .L0 
        802005ac         802005ac        0     1                 .L0 
        802005b0         802005b0        0     1                 .L0 
        802005b0         802005b0        0     1                 .L0 
        802005b4         802005b4        0     1                 .L0 
        802005b8         802005b8        0     1                 .Lpcrel_hi13
        802005b8         802005b8        0     1                 .L0 
        802005d0         802005d0        0     1                 .L0 
        802005d0         802005d0        0     1                 .L0 
        802005d4         802005d4        0     1                 .L0 
        802005d4         802005d4        0     1                 .L0 
        802005d6         802005d6        0     1                 .L0 
        802005d6         802005d6        0     1                 .L0 
        802005da         802005da        0     1                 .L0 
        802005e2         802005e2        0     1                 .L0 
        802005e2         802005e2        0     1                 .L0 
        802005e6         802005e6        0     1                 .L0 
        802005e6         802005e6        0     1                 .L0 
        802005ea         802005ea        0     1                 .L0 
        802005ea         802005ea        0     1                 .L0 
        802005ec         802005ec        0     1                 .L0 
        802005ec         802005ec        0     1                 .L0 
        802005f0         802005f0        0     1                 .L0 
        802005f4         802005f4        0     1                 .L0 
        80200600         80200600        0     1                 .L0 
        80200600         80200600        0     1                 .L0 
        80200606         80200606        0     1                 .L0 
        80200606         80200606        0     1                 .L0 
        8020060a         8020060a        0     1                 .L0 
        8020060e         8020060e        0     1                 .L0 
        80200616         80200616        0     1                 .L0 
        8020061c         8020061c        0     1                 .L0 
        80200626         80200626        0     1                 .L0 
        80200628         80200628        0     1                 .L0 
        8020062c         8020062c        0     1                 .L0 
        80200630         80200630        0     1                 .L0 
        80200638         80200638        0     1                 .L0 
        8020063e         8020063e        0     1                 .L0 
        80200646         80200646        0     1                 .L0 
        8020064c         8020064c        0     1                 .L0 
        80200656         80200656        0     1                 .L0 
        80200656         80200656        0     1                 .L0 
        8020065a         8020065a        0     1                 .L0 
        8020065a         8020065a        0     1                 .L0 
        8020065e         8020065e        0     1                 .L0 
        8020065e         8020065e        0     1                 .L0 
        80200666         80200666        0     1                 .L0 
        80200666         80200666        0     1                 .L0 
        8020066a         8020066a        0     1                 .L0 
        8020066a         8020066a        0     1                 .L0 
        8020066e         8020066e        0     1                 .L0 
        8020066e         8020066e        0     1                 .L0 
        80200672         80200672        0     1                 .L0 
        80200672         80200672        0     1                 .L0 
        80200676         80200676        0     1                 .L0 
        80200676         80200676        0     1                 .L0 
        80200678         80200678        0     1                 .L0 
        80200678         80200678        0     1                 .L0 
        80200686         80200686        0     1                 .L0 
        8020068c         8020068c        0     1                 .L0 
        8020068c         8020068c        0     1                 .L0 
        8020069a         8020069a        0     1                 .L0 
        8020069e         8020069e        0     1                 .L0 
        8020069e         8020069e        0     1                 .L0 
        802006ac         802006ac        0     1                 .L0 
        802006ac         802006ac        0     1                 .L0 
        802006b2         802006b2        0     1                 .L0 
        802006b2         802006b2        0     1                 .L0 
        802006b2         802006b2        0     1                 .L0 
        802006b2         802006b2        0     1                 .L0 
        802006b2         802006b2       24     2         /home/jenning/open-nexus-OS/target/riscv64imac-unknown-none-elf/release/deps/neuron_boot-e0aef560eea0105d.neuron_boot.a804ee21456d1b0b-cgu.0.rcgu.o:(.text._ZN4core3fmt5Write9write_fmt17h264edf2f7e0663c7E)
        802006b2         802006b2       24     1                 core::fmt::Write::write_fmt::h264edf2f7e0663c7
        802006b2         802006b2        0     1                 .L0 
        802006b2         802006b2        0     1                 .L0 
        802006b2         802006b2        0     1                 $x
        802006b2         802006b2        0     1                 .L0 
        802006ba         802006ba        0     1                 .Lpcrel_hi14
        802006ba         802006ba        0     1                 .L0 
        802006ba         802006ba        0     1                 .L0 
        802006cc         802006cc        0     1                 .L0 
        802006d6         802006d6        0     1                 .L0 
        802006d6         802006d6       10     2         /home/jenning/open-nexus-OS/target/riscv64imac-unknown-none-elf/release/deps/neuron_boot-e0aef560eea0105d.neuron_boot.a804ee21456d1b0b-cgu.0.rcgu.o:(.text.unlikely._ZN4core5slice5index26slice_start_index_len_fail17h2fbcdeb399e38163E)
        802006d6         802006d6       10     1                 core::slice::index::slice_start_index_len_fail::h2fbcdeb399e38163
        802006d6         802006d6        0     1                 .L0 
        802006d6         802006d6        0     1                 .L0 
        802006d6         802006d6        0     1                 $x
        802006d6         802006d6        0     1                 .L0 
        802006de         802006de        0     1                 .L0 
        802006de         802006de        0     1                 .L0 
        802006e6         802006e6        0     1                 .L0 
        802006e6         802006e6       50     2         /home/jenning/open-nexus-OS/target/riscv64imac-unknown-none-elf/release/deps/neuron_boot-e0aef560eea0105d.neuron_boot.a804ee21456d1b0b-cgu.0.rcgu.o:(.text.unlikely._ZN4core9panicking18panic_bounds_check17hbe861629b8758f10E)
        802006e6         802006e6       50     1                 core::panicking::panic_bounds_check::hbe861629b8758f10
        802006e6         802006e6        0     1                 .L0 
        802006e6         802006e6        0     1                 .L0 
        802006e6         802006e6        0     1                 $x
        802006e6         802006e6        0     1                 .L0 
        802006fa         802006fa        0     1                 .L0 
        802006fc         802006fc        0     1                 .Lpcrel_hi15
        8020070e         8020070e        0     1                 .Lpcrel_hi16
        8020070e         8020070e        0     1                 .L0 
        8020070e         8020070e        0     1                 .L0 
        80200728         80200728        0     1                 .L0 
        80200736         80200736        0     1                 .L0 
        80200736         80200736      140     2         /home/jenning/open-nexus-OS/target/riscv64imac-unknown-none-elf/release/deps/neuron_boot-e0aef560eea0105d.neuron_boot.a804ee21456d1b0b-cgu.0.rcgu.o:(.text._ZN4core3fmt3num3imp52_$LT$impl$u20$core..fmt..Display$u20$for$u20$u64$GT$3fmt17h60b50712dba75af7E)
        80200736         80200736      140     1                 core::fmt::num::imp::_$LT$impl$u20$core..fmt..Display$u20$for$u20$u64$GT$::fmt::h60b50712dba75af7
        80200736         80200736        0     1                 .L0 
        80200736         80200736        0     1                 .L0 
        80200736         80200736        0     1                 $x
        80200736         80200736        0     1                 .L0 
        8020073e         8020073e        0     1                 .L0 
        80200744         80200744        0     1                 .L0 
        80200744         80200744        0     1                 .L0 
        8020074e         8020074e        0     1                 .Lpcrel_hi17
        8020075a         8020075a        0     1                 .L0 
        8020075c         8020075c        0     1                 .L0 
        80200760         80200760        0     1                 .Lpcrel_hi18
        80200780         80200780        0     1                 .L0 
        80200782         80200782        0     1                 .L0 
        8020078a         8020078a        0     1                 .L0 
        80200792         80200792        0     1                 .L0 
        802007a6         802007a6        0     1                 .L0 
        802007ac         802007ac        0     1                 .L0 
        802007ac         802007ac        0     1                 .L0 
        802007ae         802007ae        0     1                 .L0 
        802007ae         802007ae        0     1                 .L0 
        802007b2         802007b2        0     1                 .L0 
        802007b2         802007b2        0     1                 .L0 
        802007b6         802007b6        0     1                 .L0 
        802007b6         802007b6        0     1                 .L0 
        802007be         802007be        0     1                 .L0 
        802007be         802007be        0     1                 .L0 
        802007c0         802007c0        0     1                 .L0 
        802007c0         802007c0        0     1                 .L0 
        802007c8         802007c8        0     1                 .L0 
        802007c8         802007c8        0     1                 .L0 
        802007ca         802007ca        0     1                 .L0 
        802007ca         802007ca        0     1                 .L0 
        802007ce         802007ce        0     1                 .L0 
        802007ce         802007ce        0     1                 .L0 
        802007d6         802007d6        0     1                 .L0 
        802007d6         802007d6        0     1                 .L0 
        802007dc         802007dc        0     1                 .L0 
        802007e0         802007e0        0     1                 .L0 
        802007e4         802007e4        0     1                 .L0 
        802007fa         802007fa        0     1                 .L0 
        80200804         80200804        0     1                 .L0 
        80200806         80200806        0     1                 .L0 
        80200806         80200806        0     1                 .L0 
        80200808         80200808        0     1                 .L0 
        80200808         80200808        0     1                 .L0 
        80200814         80200814        0     1                 .L0 
        80200814         80200814        0     1                 .L0 
        80200816         80200816        0     1                 .L0 
        80200816         80200816        0     1                 .L0 
        80200820         80200820        0     1                 .L0 
        80200820         80200820        0     1                 .L0 
        80200822         80200822        0     1                 .L0 
        80200826         80200826        0     1                 .L0 
        8020082e         8020082e        0     1                 .L0 
        8020082e         8020082e        0     1                 .L0 
        80200830         80200830        0     1                 .L0 
        8020083a         8020083a        0     1                 .L0 
        8020083c         8020083c        0     1                 .L0 
        80200840         80200840        0     1                 .L0 
        80200840         80200840        0     1                 .L0 
        80200842         80200842        0     1                 .L0 
        80200842         80200842        0     1                 .L0 
        8020084e         8020084e        0     1                 .L0 
        8020084e         8020084e        0     1                 .L0 
        80200850         80200850        0     1                 .L0 
        80200850         80200850        0     1                 .L0 
        80200858         80200858        0     1                 .L0 
        80200858         80200858        0     1                 .L0 
        8020085c         8020085c        0     1                 .L0 
        8020085c         8020085c        0     1                 .L0 
        80200860         80200860        0     1                 .L0 
        80200862         80200862        0     1                 .L0 
        80200872         80200872        0     1                 .L0 
        80200872         80200872        0     1                 .L0 
        80200876         80200876        0     1                 .L0 
        80200876         80200876        0     1                 .L0 
        80200876         80200876        0     1                 .L0 
        80200876         80200876       10     2         /home/jenning/open-nexus-OS/target/riscv64imac-unknown-none-elf/release/deps/neuron_boot-e0aef560eea0105d.neuron_boot.a804ee21456d1b0b-cgu.0.rcgu.o:(.text.unlikely._ZN4core9panicking9panic_fmt17h7d476d66cf1fa9e7E)
        80200876         80200876       10     1                 core::panicking::panic_fmt::h7d476d66cf1fa9e7
        80200876         80200876        0     1                 .L0 
        80200876         80200876        0     1                 .L0 
        80200876         80200876        0     1                 $x
        80200876         80200876        0     1                 .L0 
        8020087e         8020087e        0     1                 .L0 
        80200886         80200886        0     1                 .L0 
        80200886         80200886      1ea     2         /home/jenning/open-nexus-OS/target/riscv64imac-unknown-none-elf/release/deps/neuron_boot-e0aef560eea0105d.neuron_boot.a804ee21456d1b0b-cgu.0.rcgu.o:(.text._ZN4core3fmt9Formatter12pad_integral17h6aa791d33ce06616E)
        80200886         80200886      1ea     1                 core::fmt::Formatter::pad_integral::h6aa791d33ce06616
        80200886         80200886        0     1                 .L0 
        80200886         80200886        0     1                 .L0 
        80200886         80200886        0     1                 $x
        80200886         80200886        0     1                 .L0 
        802008a4         802008a4        0     1                 .L0 
        802008a4         802008a4        0     1                 .L0 
        802008b0         802008b0        0     1                 .L0 
        802008ba         802008ba        0     1                 .L0 
        802008be         802008be        0     1                 .L0 
        802008be         802008be        0     1                 .L0 
        802008c2         802008c2        0     1                 .L0 
        802008c4         802008c4        0     1                 .L0 
        802008c6         802008c6        0     1                 .L0 
        802008c8         802008c8        0     1                 .L0 
        802008ca         802008ca        0     1                 .L0 
        802008ce         802008ce        0     1                 .L0 
        802008d0         802008d0        0     1                 .L0 
        802008d0         802008d0        0     1                 .L0 
        802008d4         802008d4        0     1                 .L0 
        802008da         802008da        0     1                 .L0 
        802008de         802008de        0     1                 .L0 
        802008de         802008de        0     1                 .L0 
        802008e6         802008e6        0     1                 .L0 
        802008e6         802008e6        0     1                 .L0 
        802008e8         802008e8        0     1                 .L0 
        802008e8         802008e8        0     1                 .L0 
        802008ea         802008ea        0     1                 .L0 
        802008ea         802008ea        0     1                 .L0 
        802008ee         802008ee        0     1                 .L0 
        802008ee         802008ee        0     1                 .L0 
        802008f0         802008f0        0     1                 .L0 
        802008f2         802008f2        0     1                 .L0 
        802008f4         802008f4        0     1                 .L0 
        802008f8         802008f8        0     1                 .L0 
        802008fc         802008fc        0     1                 .L0 
        802008fc         802008fc        0     1                 .L0 
        80200900         80200900        0     1                 .L0 
        80200900         80200900        0     1                 .L0 
        80200906         80200906        0     1                 .L0 
        80200906         80200906        0     1                 .L0 
        8020090a         8020090a        0     1                 .L0 
        8020090c         8020090c        0     1                 .L0 
        80200910         80200910        0     1                 .L0 
        80200910         80200910        0     1                 .L0 
        80200912         80200912        0     1                 .L0 
        80200914         80200914        0     1                 .L0 
        80200918         80200918        0     1                 .L0 
        8020091c         8020091c        0     1                 .L0 
        8020091e         8020091e        0     1                 .L0 
        8020091e         8020091e        0     1                 .L0 
        80200962         80200962        0     1                 .L0 
        80200962         80200962        0     1                 .L0 
        8020096c         8020096c        0     1                 .L0 
        8020096c         8020096c        0     1                 .L0 
        80200970         80200970        0     1                 .L0 
        80200970         80200970        0     1                 .L0 
        80200978         80200978        0     1                 .L0 
        80200978         80200978        0     1                 .L0 
        8020097e         8020097e        0     1                 .L0 
        8020097e         8020097e        0     1                 .L0 
        80200982         80200982        0     1                 .L0 
        80200982         80200982        0     1                 .L0 
        80200996         80200996        0     1                 .L0 
        80200996         80200996        0     1                 .L0 
        8020099c         8020099c        0     1                 .L0 
        8020099c         8020099c        0     1                 .L0 
        8020099e         8020099e        0     1                 .L0 
        802009a0         802009a0        0     1                 .L0 
        802009a0         802009a0        0     1                 .L0 
        802009ac         802009ac        0     1                 .L0 
        802009ac         802009ac        0     1                 .L0 
        802009b0         802009b0        0     1                 .L0 
        802009b0         802009b0        0     1                 .L0 
        802009b4         802009b4        0     1                 .L0 
        802009ba         802009ba        0     1                 .L0 
        802009c6         802009c6        0     1                 .L0 
        802009ca         802009ca        0     1                 .L0 
        802009ca         802009ca        0     1                 .L0 
        802009cc         802009cc        0     1                 .L0 
        802009ce         802009ce        0     1                 .L0 
        802009ce         802009ce        0     1                 .L0 
        802009d8         802009d8        0     1                 .L0 
        802009d8         802009d8        0     1                 .L0 
        802009da         802009da        0     1                 .L0 
        802009da         802009da        0     1                 .L0 
        802009f6         802009f6        0     1                 .L0 
        802009fa         802009fa        0     1                 .L0 
        80200a12         80200a12        0     1                 .L0 
        80200a24         80200a24        0     1                 .L0 
        80200a24         80200a24        0     1                 .L0 
        80200a2c         80200a2c        0     1                 .L0 
        80200a2c         80200a2c        0     1                 .L0 
        80200a30         80200a30        0     1                 .L0 
        80200a30         80200a30        0     1                 .L0 
        80200a34         80200a34        0     1                 .L0 
        80200a34         80200a34        0     1                 .L0 
        80200a3e         80200a3e        0     1                 .L0 
        80200a3e         80200a3e        0     1                 .L0 
        80200a42         80200a42        0     1                 .L0 
        80200a42         80200a42        0     1                 .L0 
        80200a46         80200a46        0     1                 .L0 
        80200a46         80200a46        0     1                 .L0 
        80200a48         80200a48        0     1                 .L0 
        80200a5a         80200a5a        0     1                 .L0 
        80200a60         80200a60        0     1                 .L0 
        80200a64         80200a64        0     1                 .L0 
        80200a6a         80200a6a        0     1                 .L0 
        80200a6a         80200a6a        0     1                 .L0 
        80200a6e         80200a6e        0     1                 .L0 
        80200a6e         80200a6e        0     1                 .L0 
        80200a70         80200a70        0     1                 .L0 
        80200a70         80200a70        0     1                 .L0 
        80200a70         80200a70        0     1                 .L0 
        80200a70         80200a70       60     2         /home/jenning/open-nexus-OS/target/riscv64imac-unknown-none-elf/release/deps/neuron_boot-e0aef560eea0105d.neuron_boot.a804ee21456d1b0b-cgu.0.rcgu.o:(.text._ZN4core3fmt9Formatter12pad_integral12write_prefix17h927c64e80810ee33E)
        80200a70         80200a70       60     1                 core::fmt::Formatter::pad_integral::write_prefix::h927c64e80810ee33
        80200a70         80200a70        0     1                 .L0 
        80200a70         80200a70        0     1                 .L0 
        80200a70         80200a70        0     1                 $x
        80200a70         80200a70        0     1                 .L0 
        80200a8a         80200a8a        0     1                 .L0 
        80200a8e         80200a8e        0     1                 .L0 
        80200a9e         80200a9e        0     1                 .L0 
        80200a9e         80200a9e        0     1                 .L0 
        80200aa0         80200aa0        0     1                 .L0 
        80200aa0         80200aa0        0     1                 .L0 
        80200aa4         80200aa4        0     1                 .L0 
        80200ab8         80200ab8        0     1                 .L0 
        80200abc         80200abc        0     1                 .L0 
        80200abe         80200abe        0     1                 .L0 
        80200acc         80200acc        0     1                 .L0 
        80200ad0         80200ad0        0     1                 .L0 
        80200ad0         80200ad0        0     1                 .L0 
        80200ad0         80200ad0        0     1                 .L0 
        80200ad0         80200ad0       66     2         /home/jenning/open-nexus-OS/target/riscv64imac-unknown-none-elf/release/deps/neuron_boot-e0aef560eea0105d.neuron_boot.a804ee21456d1b0b-cgu.0.rcgu.o:(.text._ZN4core5slice5index26slice_start_index_len_fail8do_panic7runtime17h6e3c798d95fd9199E)
        80200ad0         80200ad0       66     1                 core::slice::index::slice_start_index_len_fail::do_panic::runtime::h6e3c798d95fd9199
        80200ad0         80200ad0        0     1                 .L0 
        80200ad0         80200ad0        0     1                 .L0 
        80200ad0         80200ad0        0     1                 $x
        80200ad0         80200ad0        0     1                 .L0 
        80200ae4         80200ae4        0     1                 .L0 
        80200ae8         80200ae8        0     1                 .Lpcrel_hi19
        80200b00         80200b00        0     1                 .Lpcrel_hi20
        80200b00         80200b00        0     1                 .L0 
        80200b00         80200b00        0     1                 .L0 
        80200b22         80200b22        0     1                 .Lpcrel_hi21
        80200b22         80200b22        0     1                 .L0 
        80200b36         80200b36        0     1                 .L0 
        80200b36         80200b36       10     2         /home/jenning/open-nexus-OS/target/riscv64imac-unknown-none-elf/release/deps/neuron_boot-e0aef560eea0105d.neuron_boot.a804ee21456d1b0b-cgu.0.rcgu.o:(.text.unlikely._ZN4core5slice5index24slice_end_index_len_fail17hfaa8af55cadbec59E)
        80200b36         80200b36       10     1                 core::slice::index::slice_end_index_len_fail::hfaa8af55cadbec59
        80200b36         80200b36        0     1                 .L0 
        80200b36         80200b36        0     1                 .L0 
        80200b36         80200b36        0     1                 $x
        80200b36         80200b36        0     1                 .L0 
        80200b3e         80200b3e        0     1                 .L0 
        80200b3e         80200b3e        0     1                 .L0 
        80200b46         80200b46        0     1                 .L0 
        80200b46         80200b46       60     2         /home/jenning/open-nexus-OS/target/riscv64imac-unknown-none-elf/release/deps/neuron_boot-e0aef560eea0105d.neuron_boot.a804ee21456d1b0b-cgu.0.rcgu.o:(.text._ZN4core5slice5index24slice_end_index_len_fail8do_panic7runtime17h8bc32e4504f00095E)
        80200b46         80200b46       60     1                 core::slice::index::slice_end_index_len_fail::do_panic::runtime::h8bc32e4504f00095
        80200b46         80200b46        0     1                 .L0 
        80200b46         80200b46        0     1                 .L0 
        80200b46         80200b46        0     1                 $x
        80200b46         80200b46        0     1                 .L0 
        80200b5a         80200b5a        0     1                 .L0 
        80200b5e         80200b5e        0     1                 .Lpcrel_hi22
        80200b76         80200b76        0     1                 .Lpcrel_hi23
        80200b76         80200b76        0     1                 .L0 
        80200b76         80200b76        0     1                 .L0 
        80200b98         80200b98        0     1                 .L0 
        80200ba6         80200ba6        0     1                 .L0 
        80200ba6         80200ba6      306     2         /home/jenning/open-nexus-OS/target/riscv64imac-unknown-none-elf/release/deps/neuron_boot-e0aef560eea0105d.neuron_boot.a804ee21456d1b0b-cgu.0.rcgu.o:(.text._ZN4core3fmt9Formatter3pad17h8f611053c859c092E)
        80200ba6         80200ba6      306     1                 core::fmt::Formatter::pad::h8f611053c859c092
        80200ba6         80200ba6        0     1                 .L0 
        80200ba6         80200ba6        0     1                 .L0 
        80200ba6         80200ba6        0     1                 $x
        80200ba6         80200ba6        0     1                 .L0 
        80200bbc         80200bbc        0     1                 .L0 
        80200bbc         80200bbc        0     1                 .L0 
        80200bc2         80200bc2        0     1                 .L0 
        80200bca         80200bca        0     1                 .L0 
        80200bce         80200bce        0     1                 .L0 
        80200bd2         80200bd2        0     1                 .L0 
        80200bd4         80200bd4        0     1                 .L0 
        80200bd4         80200bd4        0     1                 .L0 
        80200bda         80200bda        0     1                 .L0 
        80200bda         80200bda        0     1                 .L0 
        80200bdc         80200bdc        0     1                 .L0 
        80200bdc         80200bdc        0     1                 .L0 
        80200bea         80200bea        0     1                 .L0 
        80200bee         80200bee        0     1                 .L0 
        80200bf0         80200bf0        0     1                 .L0 
        80200bf0         80200bf0        0     1                 .L0 
        80200bf2         80200bf2        0     1                 .L0 
        80200bf8         80200bf8        0     1                 .L0 
        80200bf8         80200bf8        0     1                 .L0 
        80200bfc         80200bfc        0     1                 .L0 
        80200bfc         80200bfc        0     1                 .L0 
        80200c00         80200c00        0     1                 .L0 
        80200c00         80200c00        0     1                 .L0 
        80200c04         80200c04        0     1                 .L0 
        80200c08         80200c08        0     1                 .L0 
        80200c0c         80200c0c        0     1                 .L0 
        80200c10         80200c10        0     1                 .L0 
        80200c14         80200c14        0     1                 .L0 
        80200c14         80200c14        0     1                 .L0 
        80200c1a         80200c1a        0     1                 .L0 
        80200c1a         80200c1a        0     1                 .L0 
        80200c1e         80200c1e        0     1                 .L0 
        80200c20         80200c20        0     1                 .L0 
        80200c24         80200c24        0     1                 .L0 
        80200c26         80200c26        0     1                 .L0 
        80200c26         80200c26        0     1                 .L0 
        80200c28         80200c28        0     1                 .L0 
        80200c28         80200c28        0     1                 .L0 
        80200c2c         80200c2c        0     1                 .L0 
        80200c2c         80200c2c        0     1                 .L0 
        80200c30         80200c30        0     1                 .L0 
        80200c34         80200c34        0     1                 .L0 
        80200c34         80200c34        0     1                 .L0 
        80200c3c         80200c3c        0     1                 .L0 
        80200c3c         80200c3c        0     1                 .L0 
        80200c3e         80200c3e        0     1                 .L0 
        80200c42         80200c42        0     1                 .L0 
        80200c4e         80200c4e        0     1                 .L0 
        80200c4e         80200c4e        0     1                 .L0 
        80200c52         80200c52        0     1                 .L0 
        80200c52         80200c52        0     1                 .L0 
        80200c54         80200c54        0     1                 .L0 
        80200c54         80200c54        0     1                 .L0 
        80200c5a         80200c5a        0     1                 .L0 
        80200c5a         80200c5a        0     1                 .L0 
        80200c5e         80200c5e        0     1                 .L0 
        80200c5e         80200c5e        0     1                 .L0 
        80200c60         80200c60        0     1                 .L0 
        80200c60         80200c60        0     1                 .L0 
        80200c64         80200c64        0     1                 .L0 
        80200c64         80200c64        0     1                 .L0 
        80200c68         80200c68        0     1                 .L0 
        80200c6c         80200c6c        0     1                 .L0 
        80200c74         80200c74        0     1                 .L0 
        80200c74         80200c74        0     1                 .L0 
        80200c78         80200c78        0     1                 .L0 
        80200c7a         80200c7a        0     1                 .L0 
        80200c7a         80200c7a        0     1                 .L0 
        80200c7e         80200c7e        0     1                 .L0 
        80200c84         80200c84        0     1                 .L0 
        80200c88         80200c88        0     1                 .L0 
        80200c88         80200c88        0     1                 .L0 
        80200c90         80200c90        0     1                 .L0 
        80200c90         80200c90        0     1                 .L0 
        80200c92         80200c92        0     1                 .L0 
        80200c92         80200c92        0     1                 .L0 
        80200c94         80200c94        0     1                 .L0 
        80200c94         80200c94        0     1                 .L0 
        80200c9a         80200c9a        0     1                 .L0 
        80200c9a         80200c9a        0     1                 .L0 
        80200ca0         80200ca0        0     1                 .L0 
        80200ca0         80200ca0        0     1                 .L0 
        80200ca8         80200ca8        0     1                 .L0 
        80200ca8         80200ca8        0     1                 .L0 
        80200cae         80200cae        0     1                 .L0 
        80200cae         80200cae        0     1                 .L0 
        80200cb2         80200cb2        0     1                 .L0 
        80200cb4         80200cb4        0     1                 .L0 
        80200cb8         80200cb8        0     1                 .L0 
        80200cb8         80200cb8        0     1                 .L0 
        80200cc0         80200cc0        0     1                 .L0 
        80200cc0         80200cc0        0     1                 .L0 
        80200cc2         80200cc2        0     1                 .L0 
        80200cc2         80200cc2        0     1                 .L0 
        80200cc4         80200cc4        0     1                 .L0 
        80200cc4         80200cc4        0     1                 .L0 
        80200cc8         80200cc8        0     1                 .L0 
        80200cc8         80200cc8        0     1                 .L0 
        80200cca         80200cca        0     1                 .L0 
        80200cca         80200cca        0     1                 .L0 
        80200ccc         80200ccc        0     1                 .L0 
        80200cd4         80200cd4        0     1                 .L0 
        80200cd8         80200cd8        0     1                 .L0 
        80200cdc         80200cdc        0     1                 .L0 
        80200cdc         80200cdc        0     1                 .L0 
        80200ce4         80200ce4        0     1                 .L0 
        80200ce4         80200ce4        0     1                 .L0 
        80200ce6         80200ce6        0     1                 .L0 
        80200ce6         80200ce6        0     1                 .L0 
        80200ce8         80200ce8        0     1                 .L0 
        80200ce8         80200ce8        0     1                 .L0 
        80200cec         80200cec        0     1                 .L0 
        80200cec         80200cec        0     1                 .L0 
        80200d16         80200d16        0     1                 .L0 
        80200d1e         80200d1e        0     1                 .L0 
        80200d2a         80200d2a        0     1                 .L0 
        80200d2a         80200d2a        0     1                 .L0 
        80200d2e         80200d2e        0     1                 .L0 
        80200d30         80200d30        0     1                 .L0 
        80200d34         80200d34        0     1                 .L0 
        80200d36         80200d36        0     1                 .L0 
        80200d36         80200d36        0     1                 .L0 
        80200d3a         80200d3a        0     1                 .L0 
        80200d3c         80200d3c        0     1                 .L0 
        80200d3e         80200d3e        0     1                 .L0 
        80200d40         80200d40        0     1                 .L0 
        80200d40         80200d40        0     1                 .L0 
        80200d44         80200d44        0     1                 .L0 
        80200d4c         80200d4c        0     1                 .L0 
        80200d50         80200d50        0     1                 .L0 
        80200d54         80200d54        0     1                 .L0 
        80200d54         80200d54        0     1                 .L0 
        80200d5a         80200d5a        0     1                 .L0 
        80200d5a         80200d5a        0     1                 .L0 
        80200d5e         80200d5e        0     1                 .L0 
        80200d5e         80200d5e        0     1                 .L0 
        80200d68         80200d68        0     1                 .L0 
        80200d6a         80200d6a        0     1                 .L0 
        80200d6a         80200d6a        0     1                 .L0 
        80200d6e         80200d6e        0     1                 .L0 
        80200d70         80200d70        0     1                 .L0 
        80200d72         80200d72        0     1                 .L0 
        80200d72         80200d72        0     1                 .L0 
        80200d74         80200d74        0     1                 .L0 
        80200d74         80200d74        0     1                 .L0 
        80200d78         80200d78        0     1                 .L0 
        80200d78         80200d78        0     1                 .L0 
        80200d7a         80200d7a        0     1                 .L0 
        80200d7a         80200d7a        0     1                 .L0 
        80200d7e         80200d7e        0     1                 .L0 
        80200d80         80200d80        0     1                 .L0 
        80200d80         80200d80        0     1                 .L0 
        80200d82         80200d82        0     1                 .L0 
        80200d82         80200d82        0     1                 .L0 
        80200d84         80200d84        0     1                 .L0 
        80200d88         80200d88        0     1                 .L0 
        80200d8c         80200d8c        0     1                 .L0 
        80200d8e         80200d8e        0     1                 .L0 
        80200d90         80200d90        0     1                 .L0 
        80200d92         80200d92        0     1                 .L0 
        80200d92         80200d92        0     1                 .L0 
        80200d94         80200d94        0     1                 .L0 
        80200d94         80200d94        0     1                 .L0 
        80200d96         80200d96        0     1                 .L0 
        80200d96         80200d96        0     1                 .L0 
        80200d9a         80200d9a        0     1                 .L0 
        80200d9a         80200d9a        0     1                 .L0 
        80200d9e         80200d9e        0     1                 .L0 
        80200da0         80200da0        0     1                 .L0 
        80200da2         80200da2        0     1                 .L0 
        80200da6         80200da6        0     1                 .L0 
        80200da6         80200da6        0     1                 .L0 
        80200daa         80200daa        0     1                 .L0 
        80200daa         80200daa        0     1                 .L0 
        80200dac         80200dac        0     1                 .L0 
        80200dac         80200dac        0     1                 .L0 
        80200db2         80200db2        0     1                 .L0 
        80200db2         80200db2        0     1                 .L0 
        80200dbc         80200dbc        0     1                 .L0 
        80200dbc         80200dbc        0     1                 .L0 
        80200dbe         80200dbe        0     1                 .L0 
        80200dbe         80200dbe        0     1                 .L0 
        80200dc2         80200dc2        0     1                 .L0 
        80200dc2         80200dc2        0     1                 .L0 
        80200dc4         80200dc4        0     1                 .L0 
        80200dc4         80200dc4        0     1                 .L0 
        80200dc8         80200dc8        0     1                 .L0 
        80200dca         80200dca        0     1                 .L0 
        80200dcc         80200dcc        0     1                 .L0 
        80200dd0         80200dd0        0     1                 .L0 
        80200dd0         80200dd0        0     1                 .L0 
        80200dd2         80200dd2        0     1                 .L0 
        80200dd2         80200dd2        0     1                 .L0 
        80200dd4         80200dd4        0     1                 .L0 
        80200dd4         80200dd4        0     1                 .L0 
        80200dd6         80200dd6        0     1                 .L0 
        80200dd6         80200dd6        0     1                 .L0 
        80200dda         80200dda        0     1                 .L0 
        80200ddc         80200ddc        0     1                 .L0 
        80200de0         80200de0        0     1                 .L0 
        80200de2         80200de2        0     1                 .L0 
        80200de2         80200de2        0     1                 .L0 
        80200de6         80200de6        0     1                 .L0 
        80200de8         80200de8        0     1                 .L0 
        80200dea         80200dea        0     1                 .L0 
        80200dea         80200dea        0     1                 .L0 
        80200dee         80200dee        0     1                 .L0 
        80200dee         80200dee        0     1                 .L0 
        80200dfa         80200dfa        0     1                 .L0 
        80200dfa         80200dfa        0     1                 .L0 
        80200dfe         80200dfe        0     1                 .L0 
        80200dfe         80200dfe        0     1                 .L0 
        80200e02         80200e02        0     1                 .L0 
        80200e02         80200e02        0     1                 .L0 
        80200e04         80200e04        0     1                 .L0 
        80200e06         80200e06        0     1                 .L0 
        80200e0a         80200e0a        0     1                 .L0 
        80200e0e         80200e0e        0     1                 .L0 
        80200e10         80200e10        0     1                 .L0 
        80200e10         80200e10        0     1                 .L0 
        80200e30         80200e30        0     1                 .L0 
        80200e30         80200e30        0     1                 .L0 
        80200e34         80200e34        0     1                 .L0 
        80200e3a         80200e3a        0     1                 .L0 
        80200e46         80200e46        0     1                 .L0 
        80200e4a         80200e4a        0     1                 .L0 
        80200e4a         80200e4a        0     1                 .L0 
        80200e4c         80200e4c        0     1                 .L0 
        80200e4e         80200e4e        0     1                 .L0 
        80200e4e         80200e4e        0     1                 .L0 
        80200e58         80200e58        0     1                 .L0 
        80200e58         80200e58        0     1                 .L0 
        80200e5a         80200e5a        0     1                 .L0 
        80200e5c         80200e5c        0     1                 .L0 
        80200e5e         80200e5e        0     1                 .L0 
        80200e5e         80200e5e        0     1                 .L0 
        80200e6e         80200e6e        0     1                 .L0 
        80200e6e         80200e6e        0     1                 .L0 
        80200e70         80200e70        0     1                 .L0 
        80200e70         80200e70        0     1                 .L0 
        80200e78         80200e78        0     1                 .L0 
        80200e78         80200e78        0     1                 .L0 
        80200e7c         80200e7c        0     1                 .L0 
        80200e7c         80200e7c        0     1                 .L0 
        80200e80         80200e80        0     1                 .L0 
        80200e80         80200e80        0     1                 .L0 
        80200e8a         80200e8a        0     1                 .L0 
        80200e8a         80200e8a        0     1                 .L0 
        80200e90         80200e90        0     1                 .L0 
        80200e90         80200e90        0     1                 .L0 
        80200e92         80200e92        0     1                 .L0 
        80200e92         80200e92        0     1                 .L0 
        80200e96         80200e96        0     1                 .L0 
        80200e96         80200e96        0     1                 .L0 
        80200ea8         80200ea8        0     1                 .L0 
        80200eac         80200eac        0     1                 .L0 
        80200eac         80200eac        0     1                 .L0 
        80200eac         80200eac        0     1                 .L0 
        80200eac         80200eac       3a     2         /home/jenning/open-nexus-OS/target/riscv64imac-unknown-none-elf/release/deps/neuron_boot-e0aef560eea0105d.neuron_boot.a804ee21456d1b0b-cgu.0.rcgu.o:(.text.unlikely._ZN4core9panicking5panic17hb4d0934b9ac42290E)
        80200eac         80200eac       3a     1                 core::panicking::panic::hb4d0934b9ac42290
        80200eac         80200eac        0     1                 .L0 
        80200eac         80200eac        0     1                 .L0 
        80200eac         80200eac        0     1                 $x
        80200eac         80200eac        0     1                 .L0 
        80200eb4         80200eb4        0     1                 .L0 
        80200ec0         80200ec0        0     1                 .L0 
        80200ec0         80200ec0        0     1                 .L0 
        80200ed8         80200ed8        0     1                 .L0 
        80200ee6         80200ee6        0     1                 .L0 
        80200ee6         80200ee6       1e     2         /home/jenning/open-nexus-OS/target/riscv64imac-unknown-none-elf/release/deps/neuron_boot-e0aef560eea0105d.neuron_boot.a804ee21456d1b0b-cgu.0.rcgu.o:(.text._ZN44_$LT$$RF$T$u20$as$u20$core..fmt..Display$GT$3fmt17h7fcd68a6feee1f70E)
        80200ee6         80200ee6       1e     1                 _$LT$$RF$T$u20$as$u20$core..fmt..Display$GT$::fmt::h7fcd68a6feee1f70
        80200ee6         80200ee6        0     1                 .L0 
        80200ee6         80200ee6        0     1                 .L0 
        80200ee6         80200ee6        0     1                 $x
        80200ee6         80200ee6        0     1                 .L0 
        80200eee         80200eee        0     1                 .L0 
        80200ef4         80200ef4        0     1                 .L0 
        80200ef4         80200ef4        0     1                 .L0 
        80200efa         80200efa        0     1                 .L0 
        80200f04         80200f04        0     1                 .L0 
        80200f04         80200f04       16     2         /home/jenning/open-nexus-OS/target/riscv64imac-unknown-none-elf/release/deps/neuron_boot-e0aef560eea0105d.neuron_boot.a804ee21456d1b0b-cgu.0.rcgu.o:(.text._ZN42_$LT$$RF$T$u20$as$u20$core..fmt..Debug$GT$3fmt17hde5c24bda823a050E)
        80200f04         80200f04       16     1                 _$LT$$RF$T$u20$as$u20$core..fmt..Debug$GT$::fmt::hde5c24bda823a050
        80200f04         80200f04        0     1                 .L0 
        80200f04         80200f04        0     1                 .L0 
        80200f04         80200f04        0     1                 $x
        80200f04         80200f04        0     1                 .L0 
        80200f0c         80200f0c        0     1                 .L0 
        80200f10         80200f10        0     1                 .L0 
        80200f16         80200f16        0     1                 .L0 
        80200f1a         80200f1a        0     1                 .L0 
        80200f1a         80200f1a       20     2         /home/jenning/open-nexus-OS/target/riscv64imac-unknown-none-elf/release/deps/neuron_boot-e0aef560eea0105d.neuron_boot.a804ee21456d1b0b-cgu.0.rcgu.o:(.text._ZN59_$LT$core..fmt..Arguments$u20$as$u20$core..fmt..Display$GT$3fmt17h068799489c6e320eE)
        80200f1a         80200f1a       20     1                 _$LT$core..fmt..Arguments$u20$as$u20$core..fmt..Display$GT$::fmt::h068799489c6e320e
        80200f1a         80200f1a        0     1                 .L0 
        80200f1a         80200f1a        0     1                 .L0 
        80200f1a         80200f1a        0     1                 $x
        80200f1a         80200f1a        0     1                 .L0 
        80200f22         80200f22        0     1                 .L0 
        80200f28         80200f28        0     1                 .L0 
        80200f30         80200f30        0     1                 .L0 
        80200f3a         80200f3a        0     1                 .L0 
        80200f3a         80200f3a      1b0     2         /home/jenning/open-nexus-OS/target/riscv64imac-unknown-none-elf/release/deps/neuron_boot-e0aef560eea0105d.neuron_boot.a804ee21456d1b0b-cgu.0.rcgu.o:(.text._ZN4core3fmt5write17h3ee852d2122e67a9E)
        80200f3a         80200f3a      1b0     1                 core::fmt::write::h3ee852d2122e67a9
        80200f3a         80200f3a        0     1                 .L0 
        80200f3a         80200f3a        0     1                 .L0 
        80200f3a         80200f3a        0     1                 $x
        80200f3a         80200f3a        0     1                 .L0 
        80200f54         80200f54        0     1                 .L0 
        80200f54         80200f54        0     1                 .L0 
        80200f64         80200f64        0     1                 .L0 
        80200f64         80200f64        0     1                 .L0 
        80200f6a         80200f6a        0     1                 .L0 
        80200f6a         80200f6a        0     1                 .L0 
        80200f76         80200f76        0     1                 .L0 
        80200f76         80200f76        0     1                 .L0 
        80200f78         80200f78        0     1                 .L0 
        80200f7c         80200f7c        0     1                 .L0 
        80200f7c         80200f7c        0     1                 .L0 
        80200f80         80200f80        0     1                 .L0 
        80200f88         80200f88        0     1                 .L0 
        80200fa6         80200fa6        0     1                 .L0 
        80200fa6         80200fa6        0     1                 .L0 
        80200fac         80200fac        0     1                 .L0 
        80200fb4         80200fb4        0     1                 .L0 
        80200fb8         80200fb8        0     1                 .L0 
        80200fc0         80200fc0        0     1                 .L0 
        80200fc0         80200fc0        0     1                 .L0 
        80200fc2         80200fc2        0     1                 .L0 
        80200fc6         80200fc6        0     1                 .L0 
        80200fca         80200fca        0     1                 .L0 
        80200fd0         80200fd0        0     1                 .L0 
        80200fd6         80200fd6        0     1                 .L0 
        80200fda         80200fda        0     1                 .L0 
        80200fda         80200fda        0     1                 .L0 
        80200fde         80200fde        0     1                 .L0 
        80200fde         80200fde        0     1                 .L0 
        80200fe0         80200fe0        0     1                 .L0 
        80200fe2         80200fe2        0     1                 .L0 
        80200fe2         80200fe2        0     1                 .L0 
        80200fe6         80200fe6        0     1                 .L0 
        80200fee         80200fee        0     1                 .L0 
        80200fee         80200fee        0     1                 .L0 
        80200ff4         80200ff4        0     1                 .L0 
        80200ff4         80200ff4        0     1                 .L0 
        80200ff6         80200ff6        0     1                 .L0 
        80200ff6         80200ff6        0     1                 .L0 
        80200ff8         80200ff8        0     1                 .L0 
        80200ffc         80200ffc        0     1                 .L0 
        80201004         80201004        0     1                 .L0 
        80201004         80201004        0     1                 .L0 
        80201008         80201008        0     1                 .L0 
        80201008         80201008        0     1                 .L0 
        8020100c         8020100c        0     1                 .L0 
        8020100c         8020100c        0     1                 .L0 
        80201010         80201010        0     1                 .L0 
        80201010         80201010        0     1                 .L0 
        80201016         80201016        0     1                 .L0 
        80201016         80201016        0     1                 .L0 
        80201018         80201018        0     1                 .L0 
        8020101a         8020101a        0     1                 .L0 
        8020101a         8020101a        0     1                 .L0 
        8020101c         8020101c        0     1                 .L0 
        8020101e         8020101e        0     1                 .L0 
        8020101e         8020101e        0     1                 .L0 
        80201020         80201020        0     1                 .L0 
        80201020         80201020        0     1                 .L0 
        80201022         80201022        0     1                 .L0 
        80201024         80201024        0     1                 .L0 
        80201024         80201024        0     1                 .L0 
        8020102a         8020102a        0     1                 .L0 
        8020102e         8020102e        0     1                 .L0 
        80201036         80201036        0     1                 .L0 
        80201036         80201036        0     1                 .L0 
        8020103c         8020103c        0     1                 .L0 
        8020103c         8020103c        0     1                 .L0 
[...]
        8084e780         8084e780        0     1                 $d
        8084e7a0         8084e7a0       20     8         /home/jenning/open-nexus-OS/target/riscv64imac-unknown-none-elf/release/deps/neuron_boot-e0aef560eea0105d.neuron_boot.a804ee21456d1b0b-cgu.0.rcgu.o:(.rodata..Lswitch.table._ZN6neuron5sched9Scheduler18selftest_try_steal17h8cb148a9cd0f80dcE)
        8084e7a0         8084e7a0       20     1                 .Lswitch.table._ZN6neuron5sched9Scheduler18selftest_try_steal17h8cb148a9cd0f80dcE
        8084e7a0         8084e7a0        0     1                 $d
        8084e7c0         8084e7c0       20     8         /home/jenning/open-nexus-OS/target/riscv64imac-unknown-none-elf/release/deps/neuron_boot-e0aef560eea0105d.neuron_boot.a804ee21456d1b0b-cgu.0.rcgu.o:(.rodata..Lswitch.table.__trap_rust.392)
        8084e7c0         8084e7c0       20     1                 .Lswitch.table.__trap_rust.392
        8084e7c0         8084e7c0        0     1                 $d
        8084e7e0         8084e7e0       30     8         /home/jenning/open-nexus-OS/target/riscv64imac-unknown-none-elf/release/deps/neuron_boot-e0aef560eea0105d.neuron_boot.a804ee21456d1b0b-cgu.0.rcgu.o:(.rodata..Lswitch.table.__trap_rust.393)
        8084e7e0         8084e7e0       30     1                 .Lswitch.table.__trap_rust.393
        8084e7e0         8084e7e0        0     1                 $d
        8084e810         8084e810       18     8         /home/jenning/open-nexus-OS/target/riscv64imac-unknown-none-elf/release/deps/neuron_boot-e0aef560eea0105d.neuron_boot.a804ee21456d1b0b-cgu.0.rcgu.o:(.rodata..Lswitch.table._ZN58_$LT$neuron..cap..CapError$u20$as$u20$core..fmt..Debug$GT$3fmt17h7af902b2a07dff36E)
        8084e810         8084e810       18     1                 .Lswitch.table._ZN58_$LT$neuron..cap..CapError$u20$as$u20$core..fmt..Debug$GT$3fmt17h7af902b2a07dff36E
        8084e810         8084e810        0     1                 $d
        8084e828         8084e828       18     8         /home/jenning/open-nexus-OS/target/riscv64imac-unknown-none-elf/release/deps/neuron_boot-e0aef560eea0105d.neuron_boot.a804ee21456d1b0b-cgu.0.rcgu.o:(.rodata..Lswitch.table._ZN58_$LT$neuron..cap..CapError$u20$as$u20$core..fmt..Debug$GT$3fmt17h7af902b2a07dff36E.395)
        8084e828         8084e828       18     1                 .Lswitch.table._ZN58_$LT$neuron..cap..CapError$u20$as$u20$core..fmt..Debug$GT$3fmt17h7af902b2a07dff36E.395
        8084e828         8084e828        0     1                 $d
        8084e840         8084e840       30     8         /home/jenning/open-nexus-OS/target/riscv64imac-unknown-none-elf/release/deps/neuron_boot-e0aef560eea0105d.neuron_boot.a804ee21456d1b0b-cgu.0.rcgu.o:(.rodata..Lswitch.table._ZN58_$LT$neuron..ipc..IpcError$u20$as$u20$core..fmt..Debug$GT$3fmt17hf9f60e4425508857E)
        8084e840         8084e840       30     1                 .Lswitch.table._ZN58_$LT$neuron..ipc..IpcError$u20$as$u20$core..fmt..Debug$GT$3fmt17hf9f60e4425508857E
        8084e840         8084e840        0     1                 $d
        8084e870         8084e870       30     8         /home/jenning/open-nexus-OS/target/riscv64imac-unknown-none-elf/release/deps/neuron_boot-e0aef560eea0105d.neuron_boot.a804ee21456d1b0b-cgu.0.rcgu.o:(.rodata..Lswitch.table._ZN58_$LT$neuron..ipc..IpcError$u20$as$u20$core..fmt..Debug$GT$3fmt17hf9f60e4425508857E.396)
        8084e870         8084e870       30     1                 .Lswitch.table._ZN58_$LT$neuron..ipc..IpcError$u20$as$u20$core..fmt..Debug$GT$3fmt17hf9f60e4425508857E.396
        8084e870         8084e870        0     1                 $d
        8084e8a0         8084e8a0       20     8         /home/jenning/open-nexus-OS/target/riscv64imac-unknown-none-elf/release/deps/neuron_boot-e0aef560eea0105d.neuron_boot.a804ee21456d1b0b-cgu.0.rcgu.o:(.rodata..Lswitch.table._ZN60_$LT$neuron..sched..QosClass$u20$as$u20$core..fmt..Debug$GT$3fmt17h18456d9257e7e2fcE.397)
        8084e8a0         8084e8a0       20     1                 .Lswitch.table._ZN60_$LT$neuron..sched..QosClass$u20$as$u20$core..fmt..Debug$GT$3fmt17h18456d9257e7e2fcE.397
        8084e8a0         8084e8a0        0     1                 $d
        8084e8c0         8084e8c0       58     8 .srodata.cst8
        8084e8c0         8084e8c0       58     8         <internal>:(.srodata.cst8)
        8084e918         8084e918     23e0     8 .eh_frame
        8084e918         8084e918     1104     1         /home/jenning/open-nexus-OS/target/riscv64imac-unknown-none-elf/release/deps/neuron_boot-e0aef560eea0105d.neuron_boot.a804ee21456d1b0b-cgu.0.rcgu.o:(.eh_frame+0x0)
        8084fa1c         8084fa1c     124c     1         /home/jenning/open-nexus-OS/target/riscv64imac-unknown-none-elf/release/deps/neuron_boot-e0aef560eea0105d.neuron_boot.a804ee21456d1b0b-cgu.0.rcgu.o:(.eh_frame+0x113c)
        80850c68         80850c68       24     1         /home/jenning/.rustup/toolchains/nightly-2025-01-15-x86_64-unknown-linux-gnu/lib/rustlib/riscv64imac-unknown-none-elf/lib/libcompiler_builtins-40c1ef24ccedc865.rlib(compiler_builtins-40c1ef24ccedc865.compiler_builtins.122330cc71ddb452-cgu.150.rcgu.o):(.eh_frame+0x14)
        80850c8c         80850c8c       20     1         /home/jenning/.rustup/toolchains/nightly-2025-01-15-x86_64-unknown-linux-gnu/lib/rustlib/riscv64imac-unknown-none-elf/lib/libcompiler_builtins-40c1ef24ccedc865.rlib(compiler_builtins-40c1ef24ccedc865.compiler_builtins.122330cc71ddb452-cgu.006.rcgu.o):(.eh_frame+0x34)
        80850cac         80850cac       24     1         /home/jenning/.rustup/toolchains/nightly-2025-01-15-x86_64-unknown-linux-gnu/lib/rustlib/riscv64imac-unknown-none-elf/lib/libcompiler_builtins-40c1ef24ccedc865.rlib(compiler_builtins-40c1ef24ccedc865.compiler_builtins.122330cc71ddb452-cgu.167.rcgu.o):(.eh_frame+0x14)
        80850cd0         80850cd0       24     1         /home/jenning/.rustup/toolchains/nightly-2025-01-15-x86_64-unknown-linux-gnu/lib/rustlib/riscv64imac-unknown-none-elf/lib/libcompiler_builtins-40c1ef24ccedc865.rlib(compiler_builtins-40c1ef24ccedc865.compiler_builtins.122330cc71ddb452-cgu.199.rcgu.o):(.eh_frame+0x14)
        80850cf8         80850cf8        8     1 . = ALIGN ( 16 )
        80850d00         80850d00       10     8 .data
        80850d00         80850d00        0     1         __global_pointer$ = . + 0x800
        80850d00         80850d00       10     8         /home/jenning/open-nexus-OS/target/riscv64imac-unknown-none-elf/release/deps/neuron_boot-e0aef560eea0105d.neuron_boot.a804ee21456d1b0b-cgu.0.rcgu.o:(.data._ZN6neuron4task15STACK_ALLOCATOR17h76ad617a31fef58dE)
        80850d00         80850d00       10     1                 neuron::task::STACK_ALLOCATOR::h76ad617a31fef58d
        80850d00         80850d00        0     1                 $d
        80850d10         80850d10      2f0     1 . = ALIGN ( 4096 )
        80851000         80851000   259180  4096 .bss
        80851000         80851000        0     1         __bss_start = .
        80851000         80851000       e2     8         /home/jenning/open-nexus-OS/target/riscv64imac-unknown-none-elf/release/deps/neuron_boot-e0aef560eea0105d.neuron_boot.a804ee21456d1b0b-cgu.0.rcgu.o:(.sbss)
        80851000         80851000        1     1                 __rust_no_alloc_shim_is_unstable
        80851000         80851000        0     1                 $d
        80851001         80851001        1     1                 neuron::ipc::DENY_NEXT_SEND::h950332175b04ac28
        80851008         80851008        8     1                 neuron::kmain::KernelState::idle_loop::LOOP_COUNT::h727045ebfa6e8079
        80851010         80851010        8     1                 neuron::liveness::PROGRESS_EPOCH::hd249b360d0887b2d
        80851018         80851018        8     1                 neuron::liveness::LAST_BUMP_TICKS::h14f78a021f796e7a (.0)
        80851020         80851020        8     1                 neuron::mm::address_space::ADDRESS_SPACES_CREATED::h7a849671eb871696
        80851028         80851028        8     1                 neuron::mm::address_space::ADDRESS_SPACES_DESTROYED::h271c85057a3df8e2
        80851030         80851030        8     1                 neuron::mm::address_space::ADDRESS_SPACES_LIVE::h35182492e05816f8
        80851038         80851038        8     1                 neuron::mm::address_space::ADDRESS_SPACES_PEAK::h9a4409d5f1f2da62
        80851040         80851040        8     1                 neuron::mm::address_space::ADDRESS_SPACE_PT_PAGES_PEAK::hf6ee9aea3f810b5e
        80851048         80851048        8     1                 neuron::mm::address_space::do_preflight_checks_and_switch::LOG_COUNT::hc52312f3f9dffa81
        80851050         80851050        8     1                 neuron::mm::address_space::ensure_rx_guard::LOG_COUNT::h3cb9d782304baf5e
        80851058         80851058        8     1                 neuron::mm::page_table::HEAP_PT_PAGES_LIVE::hb1034808f9f94a98
        80851060         80851060        8     1                 neuron::mm::page_table::HEAP_PT_PAGES_TOTAL::hff3052424655a361
        80851068         80851068        8     1                 neuron::mm::page_table::HEAP_PT_PAGES_PEAK::h235610d7ac89d138
        80851070         80851070        8     1                 neuron::mm::page_table::PT_STATIC_POOL_NEXT::h8568dfca155b0690 (.0)
        80851078         80851078        8     1                 neuron::satp::__post_satp_marker::LOG_COUNT::hdb5220cb950fe6ce
        80851080         80851080        8     1                 neuron::satp::satp_switch_island::LOG_COUNT::h01b262da3c023491
        80851088         80851088        8     1                 neuron::sched::Scheduler::try_enqueue::ENQ_COUNT::h5bb1a446ebbccc5a
        80851090         80851090        8     1                 neuron::selftest::CHILD_HEARTBEAT::hea639d14e2126baf (.0)
        80851098         80851098        8     1                 neuron::selftest::DIRECT_RUN_FLAG::h195625cfbff20657 (.0)
        808510a0         808510a0        8     1                 neuron::selftest::alloc_init_page::PAGE_CURSOR::h17c4adf249d792e8
        808510a8         808510a8        8     1                 neuron::smp::CPU_ONLINE_MASK::h66a26cd13f689ac3
        808510b0         808510b0        8     1                 neuron::smp::WORK_STEAL_EVENTS::h0e93fbd6b4be5e11
        808510b8         808510b8        8     1                 neuron::smp::SELFTEST_FORCE_IPI_SEND_FAIL::h2623e2f2d16c4817 (.0)
        808510c0         808510c0        8     1                 neuron::trap::__trap_rust::ECALL_COUNT::hef6efc9e7a94b187
        808510c8         808510c8        8     1                 neuron::trap::__trap_rust::LAST_ECALL_SEPC::he4a0402507a07593 (.0)
        808510d0         808510d0        8     1                 neuron::trap::__trap_rust::SAME_ECALL_SEPC_COUNT::h6e64de544819c916
        808510d8         808510d8        8     1                 neuron::trap::__trap_rust::WARN_COUNT::h83817353d41c8ee9
        808510e0         808510e0        1     1                 neuron::trap::__trap_rust::LOGGED_ENV_PTRS::h3c5723a110b26438
        808510e1         808510e1        1     1                 neuron::uart::UART0::hc07235932c645ff6
        808510e2         808510e2      f1e     1         . = ALIGN ( 4096 )
        80852000         80852000        0     1         __selftest_stack_guard_lo = .
        80852000         80852000     1000     1         . += 0x1000
        80853000         80853000        0     1         __selftest_stack_base = .
        80853000         80853000     8000     1         /home/jenning/open-nexus-OS/target/riscv64imac-unknown-none-elf/release/deps/neuron_boot-e0aef560eea0105d.neuron_boot.a804ee21456d1b0b-cgu.0.rcgu.o:(.bss.selftest_stack_body)
        80853000         80853000        0     1                 $d
        80853000         80853000     8000     1                 neuron::selftest::SELFTEST_STACK::haf0285da83fe02dd
        8085b000         8085b000        0     1         . = ALIGN ( 4096 )
        8085b000         8085b000        0     1         __selftest_stack_top = .
        8085b000         8085b000        0     1         __selftest_stack_guard_hi = __selftest_stack_top + 0x1000
        8085b000         8085b000        0     1         . = ALIGN ( 4096 )
        8085b000         8085b000        0     1         __satp_island_stack_base = .
        8085b000         8085b000     1000     1         . += 0x1000
        8085c000         8085c000        0     1         __satp_island_stack_top = .
        8085c000         8085c000   200000  4096         /home/jenning/open-nexus-OS/target/riscv64imac-unknown-none-elf/release/deps/neuron_boot-e0aef560eea0105d.neuron_boot.a804ee21456d1b0b-cgu.0.rcgu.o:(.bss.heap)
        8085c000         8085c000   200000     1                 neuron::HEAP::h71c376213439a6d4
        8085c000         8085c000        0     1                 $d
        80a5c000         80a5c000      180     4         /home/jenning/open-nexus-OS/target/riscv64imac-unknown-none-elf/release/deps/neuron_boot-e0aef560eea0105d.neuron_boot.a804ee21456d1b0b-cgu.0.rcgu.o:(.bss._ZN6neuron3irq12IRQ_ENDPOINT17h7f7c4a85cfcb0edfE)
        80a5c000         80a5c000      180     1                 neuron::irq::IRQ_ENDPOINT::h7f7c4a85cfcb0edf
        80a5c000         80a5c000        0     1                 $d
        80a5c180         80a5c180      598     8         /home/jenning/open-nexus-OS/target/riscv64imac-unknown-none-elf/release/deps/neuron_boot-e0aef560eea0105d.neuron_boot.a804ee21456d1b0b-cgu.0.rcgu.o:(.bss._ZN6neuron5kmain12KERNEL_STATE17h043f3be33b8deefaE)
        80a5c180         80a5c180      598     1                 neuron::kmain::KERNEL_STATE::h043f3be33b8deefa
        80a5c180         80a5c180        0     1                 $d
        80a5d000         80a5d000    40000  4096         /home/jenning/open-nexus-OS/target/riscv64imac-unknown-none-elf/release/deps/neuron_boot-e0aef560eea0105d.neuron_boot.a804ee21456d1b0b-cgu.0.rcgu.o:(.bss._ZN6neuron2mm10page_table14PT_STATIC_POOL17h086f642820c1b6c6E)
        80a5d000         80a5d000    40000     1                 neuron::mm::page_table::PT_STATIC_POOL::h086f642820c1b6c6
        80a5d000         80a5d000        0     1                 $d
        80a9d000         80a9d000     1000  4096         /home/jenning/open-nexus-OS/target/riscv64imac-unknown-none-elf/release/deps/neuron_boot-e0aef560eea0105d.neuron_boot.a804ee21456d1b0b-cgu.0.rcgu.o:(.bss._ZN6neuron8selftest15CHILD_DATA_PAGE17h2403c03d0d14c1f8E)
        80a9d000         80a9d000     1000     1                 neuron::selftest::CHILD_DATA_PAGE::h2403c03d0d14c1f8
        80a9d000         80a9d000        0     1                 $d
        80a9e000         80a9e000     c000    16         /home/jenning/open-nexus-OS/target/riscv64imac-unknown-none-elf/release/deps/neuron_boot-e0aef560eea0105d.neuron_boot.a804ee21456d1b0b-cgu.0.rcgu.o:(.bss)
        80a9e000         80a9e000     c000     1                 neuron::smp::SECONDARY_HART_STACKS::hd6780d3916c26305
        80a9e000         80a9e000        0     1                 $d
        80aaa000         80aaa000       20     8         /home/jenning/open-nexus-OS/target/riscv64imac-unknown-none-elf/release/deps/neuron_boot-e0aef560eea0105d.neuron_boot.a804ee21456d1b0b-cgu.0.rcgu.o:(.bss.__hart_trap_stack_tops)
        80aaa000         80aaa000        0     1                 $d
        80aaa000         80aaa000       20     1                 __hart_trap_stack_tops
        80aaa020         80aaa020       20     8         /home/jenning/open-nexus-OS/target/riscv64imac-unknown-none-elf/release/deps/neuron_boot-e0aef560eea0105d.neuron_boot.a804ee21456d1b0b-cgu.0.rcgu.o:(.bss._ZN6neuron3smp15RESCHED_PENDING17hb524901da33a0e2bE)
        80aaa020         80aaa020       20     1                 neuron::smp::RESCHED_PENDING::hb524901da33a0e2b
        80aaa020         80aaa020        0     1                 $d
        80aaa040         80aaa040       20     8         /home/jenning/open-nexus-OS/target/riscv64imac-unknown-none-elf/release/deps/neuron_boot-e0aef560eea0105d.neuron_boot.a804ee21456d1b0b-cgu.0.rcgu.o:(.bss._ZN6neuron3smp20RESCHED_REQ_ACCEPTED17hfdaf2319c975b068E)
        80aaa040         80aaa040       20     1                 neuron::smp::RESCHED_REQ_ACCEPTED::hfdaf2319c975b068
        80aaa040         80aaa040        0     1                 $d
        80aaa060         80aaa060       20     8         /home/jenning/open-nexus-OS/target/riscv64imac-unknown-none-elf/release/deps/neuron_boot-e0aef560eea0105d.neuron_boot.a804ee21456d1b0b-cgu.0.rcgu.o:(.bss._ZN6neuron3smp19RESCHED_IPI_SENT_OK17h51bf658b6d2f4516E)
        80aaa060         80aaa060       20     1                 neuron::smp::RESCHED_IPI_SENT_OK::h51bf658b6d2f4516
        80aaa060         80aaa060        0     1                 $d
        80aaa080         80aaa080       20     8         /home/jenning/open-nexus-OS/target/riscv64imac-unknown-none-elf/release/deps/neuron_boot-e0aef560eea0105d.neuron_boot.a804ee21456d1b0b-cgu.0.rcgu.o:(.bss._ZN6neuron3smp19RESCHED_SSOFT_TRAPS17hd67c5761fec49255E)
        80aaa080         80aaa080       20     1                 neuron::smp::RESCHED_SSOFT_TRAPS::hd67c5761fec49255
        80aaa080         80aaa080        0     1                 $d
        80aaa0a0         80aaa0a0       20     8         /home/jenning/open-nexus-OS/target/riscv64imac-unknown-none-elf/release/deps/neuron_boot-e0aef560eea0105d.neuron_boot.a804ee21456d1b0b-cgu.0.rcgu.o:(.bss._ZN6neuron3smp11RESCHED_ACK17h3b1f636dcbfcd9dfE)
        80aaa0a0         80aaa0a0       20     1                 neuron::smp::RESCHED_ACK::h3b1f636dcbfcd9df
        80aaa0a0         80aaa0a0        0     1                 $d
        80aaa0c0         80aaa0c0       28     8         /home/jenning/open-nexus-OS/target/riscv64imac-unknown-none-elf/release/deps/neuron_boot-e0aef560eea0105d.neuron_boot.a804ee21456d1b0b-cgu.0.rcgu.o:(.bss._ZN6neuron7syscall3api8VMO_POOL17hf31e04dd995b3936E)
        80aaa0c0         80aaa0c0       28     1                 neuron::syscall::api::VMO_POOL::hf31e04dd995b3936
        80aaa0c0         80aaa0c0        0     1                 $d
        80aaa0e8         80aaa0e8       48     8         /home/jenning/open-nexus-OS/target/riscv64imac-unknown-none-elf/release/deps/neuron_boot-e0aef560eea0105d.neuron_boot.a804ee21456d1b0b-cgu.0.rcgu.o:(.bss._ZN6neuron4trap12TRAP_RUNTIME17h4fe3660539e82de4E)
        80aaa0e8         80aaa0e8       48     1                 neuron::trap::TRAP_RUNTIME::h4fe3660539e82de4
        80aaa0e8         80aaa0e8        0     1                 $d
        80aaa130         80aaa130       38     8         /home/jenning/open-nexus-OS/target/riscv64imac-unknown-none-elf/release/deps/neuron_boot-e0aef560eea0105d.neuron_boot.a804ee21456d1b0b-cgu.0.rcgu.o:(.bss._ZN6neuron5ALLOC17hc9b1dc3c5a0dbd05E)
        80aaa130         80aaa130       38     1                 neuron::ALLOC::hc9b1dc3c5a0dbd05
        80aaa130         80aaa130        0     1                 $d
        80aaa168         80aaa168       18     1         . = ALIGN ( 64 )
        80aaa180         80aaa180        0     1         . = ALIGN ( 8 )
        80aaa180         80aaa180        0     1         __bss_end = .
        80aaa180         80aaa180        0     1 . = ALIGN ( 16 )
        80aaa180         80aaa180        0     1 __stack_bottom = .
        80aaa180         80aaa180     8000     1 . += 0x8000
        80ab2180         80ab2180        0     1 __stack_top = .
               0                0       93     1 .comment
               0                0       93     1         <internal>:(.comment)
               0                0       34     1 .riscv.attributes
               0                0       34     1         <internal>:(.riscv.attributes)
               0                0       57     1 .shstrtab
               0                0       57     1         <internal>:(.shstrtab)
