             VMA              LMA     Size Align Out     In      Symbol
               0                0 80200000     1 . = 0x80200000
        80200000                0        0     1 __text_start = .
        80200000         80200000    38218    16 .text
        80200000         80200000       14    16         /home/jenning/open-nexus-OS/target/riscv64imac-unknown-none-elf/release/deps/neuron_boot-d5c88378eee30534.neuron_boot.522a42b72d4d446a-cgu.0.rcgu.o:(.text._start)
        80200000         80200000        0     1                 .Lpcrel_hi0
        80200000         80200000        0     1                 $x
        80200000         80200000        0     1                 _start
        80200008         80200008        0     1                 .Lpcrel_hi1
        80200020         80200020       1e    16         /home/jenning/open-nexus-OS/target/riscv64imac-unknown-none-elf/release/deps/neuron_boot-d5c88378eee30534.neuron_boot.522a42b72d4d446a-cgu.0.rcgu.o:(.text.stack_run)
        80200020         80200020        0     1                 $x
        80200020         80200020        0     1                 run_selftest_on_stack
        80200040         80200040       12    16         /home/jenning/open-nexus-OS/target/riscv64imac-unknown-none-elf/release/deps/neuron_boot-d5c88378eee30534.neuron_boot.522a42b72d4d446a-cgu.0.rcgu.o:(.text.__secondary_hart_start)
        80200040         80200040        0     1                 $x
        80200040         80200040       12     1                 __secondary_hart_start
        80200042         80200042        0     1                 .Lpcrel_hi2
        80200060         80200060       f4    16         /home/jenning/open-nexus-OS/target/riscv64imac-unknown-none-elf/release/deps/neuron_boot-d5c88378eee30534.neuron_boot.522a42b72d4d446a-cgu.0.rcgu.o:(.text.__trap_vector)
        80200060         80200060        0     1                 $x
        80200060         80200060       f4     1                 __trap_vector
        802000da         802000da        0     1                 .Lpcrel_hi3
        80200154         80200154       1c     4         /home/jenning/open-nexus-OS/target/riscv64imac-unknown-none-elf/release/deps/neuron_boot-d5c88378eee30534.neuron_boot.522a42b72d4d446a-cgu.0.rcgu.o:(.text.__satp_trampoline)
        80200154         80200154        0     1                 $x
        80200154         80200154       1c     1                 __satp_trampoline
        8020015e         8020015e        0     1                 .Lpcrel_hi4
        80200170         80200170       60     2         /home/jenning/open-nexus-OS/target/riscv64imac-unknown-none-elf/release/deps/neuron_boot-d5c88378eee30534.neuron_boot.522a42b72d4d446a-cgu.0.rcgu.o:(.text._ZN11neuron_boot15uart_write_line17hf3224c0ce5ef74e1E)
        80200170         80200170       60     1                 neuron_boot::uart_write_line::hf3224c0ce5ef74e1
        80200170         80200170        0     1                 .L0 
        80200170         80200170        0     1                 $x
        8020017a         8020017a        0     1                 .Lpcrel_hi5
        802001d0         802001d0        0     1                 .L0 
        802001d0         802001d0       1c     2         /home/jenning/open-nexus-OS/target/riscv64imac-unknown-none-elf/release/deps/neuron_boot-d5c88378eee30534.neuron_boot.522a42b72d4d446a-cgu.0.rcgu.o:(.text.start_rust)
        802001d0         802001d0        0     1                 .L0 
        802001d0         802001d0        0     1                 $x
        802001d0         802001d0       1c     1                 start_rust
        802001ec         802001ec        8     2         /home/jenning/open-nexus-OS/target/riscv64imac-unknown-none-elf/release/deps/neuron_boot-d5c88378eee30534.neuron_boot.522a42b72d4d446a-cgu.0.rcgu.o:(.text.__rust_alloc_error_handler)
        802001ec         802001ec        8     1                 __rust_alloc_error_handler
        802001ec         802001ec        0     1                 .L0 
        802001ec         802001ec        0     1                 $x
        802001f4         802001f4       9c     2         /home/jenning/open-nexus-OS/target/riscv64imac-unknown-none-elf/release/deps/neuron_boot-d5c88378eee30534.neuron_boot.522a42b72d4d446a-cgu.0.rcgu.o:(.text._ZN5alloc7raw_vec19RawVec$LT$T$C$A$GT$8grow_one17h8f3f082a665511c3E)
        802001f4         802001f4       9c     1                 alloc::raw_vec::RawVec$LT$T$C$A$GT$::grow_one::h8f3f082a665511c3
        802001f4         802001f4        0     1                 .L0 
        802001f4         802001f4        0     1                 .L0 
        802001f4         802001f4        0     1                 $x
        802001f4         802001f4        0     1                 .L0 
        80200204         80200204        0     1                 .L0 
        80200204         80200204        0     1                 .L0 
        80200206         80200206        0     1                 .L0 
        80200206         80200206        0     1                 .L0 
        8020020a         8020020a        0     1                 .L0 
        80200210         80200210        0     1                 .L0 
        80200210         80200210        0     1                 .L0 
        80200214         80200214        0     1                 .L0 
        80200214         80200214        0     1                 .L0 
        80200216         80200216        0     1                 .L0 
        8020021a         8020021a        0     1                 .L0 
        8020021a         8020021a        0     1                 .L0 
        8020021e         8020021e        0     1                 .L0 
        8020021e         8020021e        0     1                 .L0 
        80200220         80200220        0     1                 .L0 
        80200220         80200220        0     1                 .L0 
        80200224         80200224        0     1                 .L0 
        80200224         80200224        0     1                 .L0 
        8020022e         8020022e        0     1                 .L0 
        80200232         80200232        0     1                 .L0 
        80200232         80200232        0     1                 .L0 
        80200244         80200244        0     1                 .L0 
        80200244         80200244        0     1                 .L0 
        80200248         80200248        0     1                 .L0 
        8020024a         8020024a        0     1                 .L0 
        8020024e         8020024e        0     1                 .L0 
        8020024e         8020024e        0     1                 .L0 
        80200252         80200252        0     1                 .L0 
        80200260         80200260        0     1                 .L0 
        80200260         80200260        0     1                 .L0 
        80200264         80200264        0     1                 .L0 
        80200268         80200268        0     1                 .L0 
        8020026c         8020026c        0     1                 .L0 
        8020026e         8020026e        0     1                 .L0 
        8020026e         8020026e        0     1                 .L0 
        80200272         80200272        0     1                 .L0 
        80200272         80200272        0     1                 .L0 
        80200274         80200274        0     1                 .L0 
        8020027e         8020027e        0     1                 .L0 
        8020027e         8020027e        0     1                 .L0 
        80200286         80200286        0     1                 .L0 
        80200286         80200286        0     1                 .L0 
        80200290         80200290        0     1                 .L0 
        80200290         80200290        0     1                 .L0 
        80200290         80200290        0     1                 .L0 
        80200290         80200290        0     1                 .L0 
        80200290         80200290      13e     2         /home/jenning/open-nexus-OS/target/riscv64imac-unknown-none-elf/release/deps/neuron_boot-d5c88378eee30534.neuron_boot.522a42b72d4d446a-cgu.0.rcgu.o:(.text.unlikely._ZN5alloc7raw_vec11finish_grow17h06fba970cd990155E)
        80200290         80200290      13e     1                 alloc::raw_vec::finish_grow::h06fba970cd990155
        80200290         80200290        0     1                 .L0 
        80200290         80200290        0     1                 .L0 
        80200290         80200290        0     1                 $x
        80200290         80200290        0     1                 .L0 
        802002a8         802002a8        0     1                 .L0 
        802002ae         802002ae        0     1                 .Lpcrel_hi6
        802002b6         802002b6        0     1                 .L0 
        802002b8         802002b8        0     1                 .L0 
        802002bc         802002bc        0     1                 .L0 
        802002bc         802002bc        0     1                 .L0 
        802002c0         802002c0        0     1                 .L0 
        802002c0         802002c0        0     1                 .L0 
        802002c4         802002c4        0     1                 .L0 
        802002c4         802002c4        0     1                 .L0 
        802002fa         802002fa        0     1                 .L0 
        802002fc         802002fc        0     1                 .L0 
        80200312         80200312        0     1                 .L0 
        80200314         80200314        0     1                 .L0 
        8020033c         8020033c        0     1                 .L0 
        8020033c         8020033c        0     1                 .Lpcrel_hi8
        8020033c         8020033c        0     1                 .L0 
        80200344         80200344        0     1                 .L0 
        80200366         80200366        0     1                 .L0 
        80200366         80200366        0     1                 .Lpcrel_hi7
        80200366         80200366        0     1                 .L0 
        8020036e         8020036e        0     1                 .L0 
        80200390         80200390        0     1                 .L0 
        80200390         80200390        0     1                 .L0 
        802003a4         802003a4        0     1                 .L0 
        802003a4         802003a4        0     1                 .L0 
        802003a8         802003a8        0     1                 .L0 
        802003aa         802003aa        0     1                 .L0 
        802003ca         802003ca        0     1                 .L0 
        802003ce         802003ce        0     1                 .L0 
        802003ce         802003ce        0     1                 .L0 
        802003ce         802003ce        0     1                 .L0 
        802003ce         802003ce       1c     2         /home/jenning/open-nexus-OS/target/riscv64imac-unknown-none-elf/release/deps/neuron_boot-d5c88378eee30534.neuron_boot.522a42b72d4d446a-cgu.0.rcgu.o:(.text.unlikely._ZN5alloc7raw_vec12handle_error17h6fd4aa35f3723d38E)
        802003ce         802003ce       1c     1                 alloc::raw_vec::handle_error::h6fd4aa35f3723d38
        802003ce         802003ce        0     1                 .L0 
        802003ce         802003ce        0     1                 .L0 
        802003ce         802003ce        0     1                 $x
        802003ce         802003ce        0     1                 .L0 
        802003d6         802003d6        0     1                 .L0 
        802003d6         802003d6        0     1                 .L0 
        802003d8         802003d8        0     1                 .L0 
        802003d8         802003d8        0     1                 .L0 
        802003e2         802003e2        0     1                 .L0 
        802003ea         802003ea        0     1                 .L0 
        802003ea         802003ea        0     1                 .L0 
        802003ea         802003ea        0     1                 .L0 
        802003ea         802003ea       36     2         /home/jenning/open-nexus-OS/target/riscv64imac-unknown-none-elf/release/deps/neuron_boot-d5c88378eee30534.neuron_boot.522a42b72d4d446a-cgu.0.rcgu.o:(.text._ZN5alloc7raw_vec17capacity_overflow17h1a8d921f7469c212E)
        802003ea         802003ea       36     1                 alloc::raw_vec::capacity_overflow::h1a8d921f7469c212
        802003ea         802003ea        0     1                 .L0 
        802003ea         802003ea        0     1                 .L0 
        802003ea         802003ea        0     1                 $x
        802003ea         802003ea        0     1                 .L0 
        802003f4         802003f4        0     1                 .Lpcrel_hi9
        802003f4         802003f4        0     1                 .L0 
        802003f4         802003f4        0     1                 .L0 
        80200414         80200414        0     1                 .L0 
        80200420         80200420        0     1                 .L0 
        80200420         80200420       16     2         /home/jenning/open-nexus-OS/target/riscv64imac-unknown-none-elf/release/deps/neuron_boot-d5c88378eee30534.neuron_boot.522a42b72d4d446a-cgu.0.rcgu.o:(.text.unlikely._ZN5alloc5alloc18handle_alloc_error17hf19c88e5a966baf5E)
        80200420         80200420       16     1                 alloc::alloc::handle_alloc_error::hf19c88e5a966baf5
        80200420         80200420        0     1                 .L0 
        80200420         80200420        0     1                 .L0 
        80200420         80200420        0     1                 $x
        80200420         80200420        0     1                 .L0 
        8020042a         8020042a        0     1                 .L0 
        8020042a         8020042a        0     1                 .L0 
        80200436         80200436        0     1                 .L0 
        80200436         80200436       96     2         /home/jenning/open-nexus-OS/target/riscv64imac-unknown-none-elf/release/deps/neuron_boot-d5c88378eee30534.neuron_boot.522a42b72d4d446a-cgu.0.rcgu.o:(.text.unlikely._ZN5alloc7raw_vec20RawVecInner$LT$A$GT$7reserve21do_reserve_and_handle17h06b56f979d4cdbb8E)
        80200436         80200436       96     1                 alloc::raw_vec::RawVecInner$LT$A$GT$::reserve::do_reserve_and_handle::h06b56f979d4cdbb8
        80200436         80200436        0     1                 .L0 
        80200436         80200436        0     1                 .L0 
        80200436         80200436        0     1                 $x
        80200436         80200436        0     1                 .L0 
        80200442         80200442        0     1                 .L0 
        80200442         80200442        0     1                 .L0 
        80200444         80200444        0     1                 .L0 
        80200444         80200444        0     1                 .L0 
        80200448         80200448        0     1                 .L0 
        80200448         80200448        0     1                 .L0 
        8020044a         8020044a        0     1                 .L0 
        80200450         80200450        0     1                 .L0 
        80200450         80200450        0     1                 .L0 
        80200454         80200454        0     1                 .L0 
        80200454         80200454        0     1                 .L0 
        80200456         80200456        0     1                 .L0 
        8020045a         8020045a        0     1                 .L0 
        8020045a         8020045a        0     1                 .L0 
        8020045e         8020045e        0     1                 .L0 
        8020045e         8020045e        0     1                 .L0 
        80200460         80200460        0     1                 .L0 
        80200460         80200460        0     1                 .L0 
        80200464         80200464        0     1                 .L0 
        80200464         80200464        0     1                 .L0 
        8020046e         8020046e        0     1                 .L0 
        80200472         80200472        0     1                 .L0 
        80200472         80200472        0     1                 .L0 
        80200484         80200484        0     1                 .L0 
        80200484         80200484        0     1                 .L0 
        80200488         80200488        0     1                 .L0 
        8020048a         8020048a        0     1                 .L0 
        8020048e         8020048e        0     1                 .L0 
        8020048e         8020048e        0     1                 .L0 
        80200492         80200492        0     1                 .L0 
        8020049e         8020049e        0     1                 .L0 
        8020049e         8020049e        0     1                 .L0 
        802004a2         802004a2        0     1                 .L0 
        802004a6         802004a6        0     1                 .L0 
        802004aa         802004aa        0     1                 .L0 
        802004ac         802004ac        0     1                 .L0 
        802004ac         802004ac        0     1                 .L0 
        802004b0         802004b0        0     1                 .L0 
        802004b0         802004b0        0     1                 .L0 
        802004b2         802004b2        0     1                 .Lpcrel_hi10
        802004b2         802004b2        0     1                 .L0 
        802004c2         802004c2        0     1                 .L0 
        802004c2         802004c2        0     1                 .L0 
        802004cc         802004cc        0     1                 .L0 
        802004cc         802004cc        0     1                 .L0 
        802004cc         802004cc        0     1                 .L0 
        802004cc         802004cc        0     1                 .L0 
        802004cc         802004cc       20     2         /home/jenning/open-nexus-OS/target/riscv64imac-unknown-none-elf/release/deps/neuron_boot-d5c88378eee30534.neuron_boot.522a42b72d4d446a-cgu.0.rcgu.o:(.text._ZN53_$LT$core..fmt..Error$u20$as$u20$core..fmt..Debug$GT$3fmt17hb292c138d35b10e6E)
        802004cc         802004cc       20     1                 _$LT$core..fmt..Error$u20$as$u20$core..fmt..Debug$GT$::fmt::hb292c138d35b10e6
        802004cc         802004cc        0     1                 .L0 
        802004cc         802004cc        0     1                 .L0 
        802004cc         802004cc        0     1                 $x
        802004cc         802004cc        0     1                 .L0 
        802004d4         802004d4        0     1                 .L0 
        802004d4         802004d4        0     1                 .L0 
        802004da         802004da        0     1                 .Lpcrel_hi11
        802004e8         802004e8        0     1                 .L0 
        802004ec         802004ec        0     1                 .L0 
        802004ec         802004ec       52     2         /home/jenning/open-nexus-OS/target/riscv64imac-unknown-none-elf/release/deps/neuron_boot-d5c88378eee30534.neuron_boot.522a42b72d4d446a-cgu.0.rcgu.o:(.text._ZN4core3ptr42drop_in_place$LT$alloc..string..String$GT$17hef787f24c62d33bfE)
        802004ec         802004ec       52     1                 core::ptr::drop_in_place$LT$alloc..string..String$GT$::hef787f24c62d33bf
        802004ec         802004ec        0     1                 .L0 
        802004ec         802004ec        0     1                 .L0 
        802004ec         802004ec        0     1                 $x
        802004ec         802004ec        0     1                 .L0 
        802004ee         802004ee        0     1                 .L0 
        802004ee         802004ee        0     1                 .L0 
        802004f0         802004f0        0     1                 .L0 
        802004f2         802004f2        0     1                 .L0 
        802004fa         802004fa        0     1                 .L0 
        802004fc         802004fc        0     1                 .Lpcrel_hi12
        802004fc         802004fc        0     1                 .L0 
        802004fc         802004fc        0     1                 .L0 
        8020053c         8020053c        0     1                 .L0 
        8020053c         8020053c        0     1                 .L0 
        8020053e         8020053e        0     1                 .L0 
        8020053e         8020053e        0     1                 .L0 
        8020053e         8020053e        0     1                 .L0 
        8020053e         8020053e       60     2         /home/jenning/open-nexus-OS/target/riscv64imac-unknown-none-elf/release/deps/neuron_boot-d5c88378eee30534.neuron_boot.522a42b72d4d446a-cgu.0.rcgu.o:(.text._ZN58_$LT$alloc..string..String$u20$as$u20$core..fmt..Write$GT$9write_str17h7db06eac76b41ff7E)
        8020053e         8020053e       60     1                 _$LT$alloc..string..String$u20$as$u20$core..fmt..Write$GT$::write_str::h7db06eac76b41ff7
        8020053e         8020053e        0     1                 .L0 
        8020053e         8020053e        0     1                 .L0 
        8020053e         8020053e        0     1                 $x
        8020053e         8020053e        0     1                 .L0 
        80200550         80200550        0     1                 .L0 
        80200550         80200550        0     1                 .L0 
        80200554         80200554        0     1                 .L0 
        80200554         80200554        0     1                 .L0 
        80200556         80200556        0     1                 .L0 
        80200556         80200556        0     1                 .L0 
        8020055c         8020055c        0     1                 .L0 
        80200560         80200560        0     1                 .L0 
        80200560         80200560        0     1                 .L0 
        80200562         80200562        0     1                 .L0 
        80200562         80200562        0     1                 .L0 
        80200564         80200564        0     1                 .L0 
        80200564         80200564        0     1                 .L0 
        8020056e         8020056e        0     1                 .L0 
        80200574         80200574        0     1                 .L0 
        80200574         80200574        0     1                 .L0 
        80200582         80200582        0     1                 .L0 
        80200586         80200586        0     1                 .L0 
        80200586         80200586        0     1                 .L0 
        80200598         80200598        0     1                 .L0 
        80200598         80200598        0     1                 .L0 
        8020059e         8020059e        0     1                 .L0 
        8020059e         8020059e        0     1                 .L0 
        8020059e         8020059e        0     1                 .L0 
        8020059e         8020059e        0     1                 .L0 
        8020059e         8020059e      120     2         /home/jenning/open-nexus-OS/target/riscv64imac-unknown-none-elf/release/deps/neuron_boot-d5c88378eee30534.neuron_boot.522a42b72d4d446a-cgu.0.rcgu.o:(.text._ZN58_$LT$alloc..string..String$u20$as$u20$core..fmt..Write$GT$10write_char17h39a346a59c18f3b0E)
        8020059e         8020059e      120     1                 _$LT$alloc..string..String$u20$as$u20$core..fmt..Write$GT$::write_char::h39a346a59c18f3b0
        8020059e         8020059e        0     1                 .L0 
        8020059e         8020059e        0     1                 .L0 
        8020059e         8020059e        0     1                 $x
        8020059e         8020059e        0     1                 .L0 
        802005b4         802005b4        0     1                 .L0 
        802005b4         802005b4        0     1                 .L0 
        802005b8         802005b8        0     1                 .L0 
        802005b8         802005b8        0     1                 .L0 
        802005bc         802005bc        0     1                 .L0 
        802005bc         802005bc        0     1                 .L0 
        802005c0         802005c0        0     1                 .L0 
        802005c4         802005c4        0     1                 .Lpcrel_hi13
        802005c4         802005c4        0     1                 .L0 
        802005dc         802005dc        0     1                 .L0 
        802005dc         802005dc        0     1                 .L0 
        802005e0         802005e0        0     1                 .L0 
        802005e0         802005e0        0     1                 .L0 
        802005e2         802005e2        0     1                 .L0 
        802005e2         802005e2        0     1                 .L0 
        802005e6         802005e6        0     1                 .L0 
        802005ee         802005ee        0     1                 .L0 
        802005ee         802005ee        0     1                 .L0 
        802005f2         802005f2        0     1                 .L0 
        802005f2         802005f2        0     1                 .L0 
        802005f6         802005f6        0     1                 .L0 
        802005f6         802005f6        0     1                 .L0 
        802005f8         802005f8        0     1                 .L0 
        802005f8         802005f8        0     1                 .L0 
        802005fc         802005fc        0     1                 .L0 
        80200600         80200600        0     1                 .L0 
        8020060c         8020060c        0     1                 .L0 
        8020060c         8020060c        0     1                 .L0 
        80200612         80200612        0     1                 .L0 
        80200612         80200612        0     1                 .L0 
        80200616         80200616        0     1                 .L0 
        8020061a         8020061a        0     1                 .L0 
        80200622         80200622        0     1                 .L0 
        80200628         80200628        0     1                 .L0 
        80200632         80200632        0     1                 .L0 
        80200634         80200634        0     1                 .L0 
        80200638         80200638        0     1                 .L0 
        8020063c         8020063c        0     1                 .L0 
        80200644         80200644        0     1                 .L0 
        8020064a         8020064a        0     1                 .L0 
        80200652         80200652        0     1                 .L0 
        80200658         80200658        0     1                 .L0 
        80200662         80200662        0     1                 .L0 
        80200662         80200662        0     1                 .L0 
        80200666         80200666        0     1                 .L0 
        80200666         80200666        0     1                 .L0 
        8020066a         8020066a        0     1                 .L0 
        8020066a         8020066a        0     1                 .L0 
        80200672         80200672        0     1                 .L0 
        80200672         80200672        0     1                 .L0 
        80200676         80200676        0     1                 .L0 
        80200676         80200676        0     1                 .L0 
        8020067a         8020067a        0     1                 .L0 
        8020067a         8020067a        0     1                 .L0 
        8020067e         8020067e        0     1                 .L0 
        8020067e         8020067e        0     1                 .L0 
        80200682         80200682        0     1                 .L0 
        80200682         80200682        0     1                 .L0 
        80200684         80200684        0     1                 .L0 
        80200684         80200684        0     1                 .L0 
        80200692         80200692        0     1                 .L0 
        80200698         80200698        0     1                 .L0 
        80200698         80200698        0     1                 .L0 
        802006a6         802006a6        0     1                 .L0 
        802006aa         802006aa        0     1                 .L0 
        802006aa         802006aa        0     1                 .L0 
        802006b8         802006b8        0     1                 .L0 
        802006b8         802006b8        0     1                 .L0 
        802006be         802006be        0     1                 .L0 
        802006be         802006be        0     1                 .L0 
        802006be         802006be        0     1                 .L0 
        802006be         802006be        0     1                 .L0 
        802006be         802006be       24     2         /home/jenning/open-nexus-OS/target/riscv64imac-unknown-none-elf/release/deps/neuron_boot-d5c88378eee30534.neuron_boot.522a42b72d4d446a-cgu.0.rcgu.o:(.text._ZN4core3fmt5Write9write_fmt17h264edf2f7e0663c7E)
        802006be         802006be       24     1                 core::fmt::Write::write_fmt::h264edf2f7e0663c7
        802006be         802006be        0     1                 .L0 
        802006be         802006be        0     1                 .L0 
        802006be         802006be        0     1                 $x
        802006be         802006be        0     1                 .L0 
        802006c6         802006c6        0     1                 .Lpcrel_hi14
        802006c6         802006c6        0     1                 .L0 
        802006c6         802006c6        0     1                 .L0 
        802006d8         802006d8        0     1                 .L0 
        802006e2         802006e2        0     1                 .L0 
        802006e2         802006e2       58     2         /home/jenning/open-nexus-OS/target/riscv64imac-unknown-none-elf/release/deps/neuron_boot-d5c88378eee30534.neuron_boot.522a42b72d4d446a-cgu.0.rcgu.o:(.text.unlikely._ZN5alloc3vec16Vec$LT$T$C$A$GT$6remove13assert_failed17hb0bcbde1e8b69f84E)
        802006e2         802006e2       58     1                 alloc::vec::Vec$LT$T$C$A$GT$::remove::assert_failed::hb0bcbde1e8b69f84
        802006e2         802006e2        0     1                 .L0 
        802006e2         802006e2        0     1                 .L0 
        802006e2         802006e2        0     1                 $x
        802006e2         802006e2        0     1                 .L0 
        802006f6         802006f6        0     1                 .L0 
        802006f8         802006f8        0     1                 .Lpcrel_hi15
        8020070a         8020070a        0     1                 .Lpcrel_hi16
        8020070a         8020070a        0     1                 .L0 
        8020070a         8020070a        0     1                 .L0 
        80200726         80200726        0     1                 .Lpcrel_hi17
        80200726         80200726        0     1                 .L0 
        8020073a         8020073a        0     1                 .L0 
        8020073a         8020073a       10     2         /home/jenning/open-nexus-OS/target/riscv64imac-unknown-none-elf/release/deps/neuron_boot-d5c88378eee30534.neuron_boot.522a42b72d4d446a-cgu.0.rcgu.o:(.text.unlikely._ZN4core5slice5index26slice_start_index_len_fail17h2fbcdeb399e38163E)
        8020073a         8020073a       10     1                 core::slice::index::slice_start_index_len_fail::h2fbcdeb399e38163
        8020073a         8020073a        0     1                 .L0 
        8020073a         8020073a        0     1                 .L0 
        8020073a         8020073a        0     1                 $x
        8020073a         8020073a        0     1                 .L0 
        80200742         80200742        0     1                 .L0 
        80200742         80200742        0     1                 .L0 
        8020074a         8020074a        0     1                 .L0 
        8020074a         8020074a       50     2         /home/jenning/open-nexus-OS/target/riscv64imac-unknown-none-elf/release/deps/neuron_boot-d5c88378eee30534.neuron_boot.522a42b72d4d446a-cgu.0.rcgu.o:(.text.unlikely._ZN4core9panicking18panic_bounds_check17hbe861629b8758f10E)
        8020074a         8020074a       50     1                 core::panicking::panic_bounds_check::hbe861629b8758f10
        8020074a         8020074a        0     1                 .L0 
        8020074a         8020074a        0     1                 .L0 
        8020074a         8020074a        0     1                 $x
        8020074a         8020074a        0     1                 .L0 
        8020075e         8020075e        0     1                 .L0 
        80200760         80200760        0     1                 .Lpcrel_hi18
        80200772         80200772        0     1                 .Lpcrel_hi19
        80200772         80200772        0     1                 .L0 
        80200772         80200772        0     1                 .L0 
        8020078c         8020078c        0     1                 .L0 
        8020079a         8020079a        0     1                 .L0 
        8020079a         8020079a      140     2         /home/jenning/open-nexus-OS/target/riscv64imac-unknown-none-elf/release/deps/neuron_boot-d5c88378eee30534.neuron_boot.522a42b72d4d446a-cgu.0.rcgu.o:(.text._ZN4core3fmt3num3imp52_$LT$impl$u20$core..fmt..Display$u20$for$u20$u64$GT$3fmt17h60b50712dba75af7E)
        8020079a         8020079a      140     1                 core::fmt::num::imp::_$LT$impl$u20$core..fmt..Display$u20$for$u20$u64$GT$::fmt::h60b50712dba75af7
        8020079a         8020079a        0     1                 .L0 
        8020079a         8020079a        0     1                 .L0 
        8020079a         8020079a        0     1                 $x
        8020079a         8020079a        0     1                 .L0 
        802007a2         802007a2        0     1                 .L0 
        802007a8         802007a8        0     1                 .L0 
        802007a8         802007a8        0     1                 .L0 
        802007b2         802007b2        0     1                 .Lpcrel_hi20
        802007be         802007be        0     1                 .L0 
        802007c0         802007c0        0     1                 .L0 
        802007c4         802007c4        0     1                 .Lpcrel_hi21
        802007e4         802007e4        0     1                 .L0 
        802007e6         802007e6        0     1                 .L0 
        802007ee         802007ee        0     1                 .L0 
        802007f6         802007f6        0     1                 .L0 
        8020080a         8020080a        0     1                 .L0 
        80200810         80200810        0     1                 .L0 
        80200810         80200810        0     1                 .L0 
        80200812         80200812        0     1                 .L0 
        80200812         80200812        0     1                 .L0 
        80200816         80200816        0     1                 .L0 
        80200816         80200816        0     1                 .L0 
        8020081a         8020081a        0     1                 .L0 
        8020081a         8020081a        0     1                 .L0 
        80200822         80200822        0     1                 .L0 
        80200822         80200822        0     1                 .L0 
        80200824         80200824        0     1                 .L0 
        80200824         80200824        0     1                 .L0 
        8020082c         8020082c        0     1                 .L0 
        8020082c         8020082c        0     1                 .L0 
        8020082e         8020082e        0     1                 .L0 
        8020082e         8020082e        0     1                 .L0 
        80200832         80200832        0     1                 .L0 
        80200832         80200832        0     1                 .L0 
        8020083a         8020083a        0     1                 .L0 
        8020083a         8020083a        0     1                 .L0 
        80200840         80200840        0     1                 .L0 
        80200844         80200844        0     1                 .L0 
        80200848         80200848        0     1                 .L0 
        8020085e         8020085e        0     1                 .L0 
        80200868         80200868        0     1                 .L0 
        8020086a         8020086a        0     1                 .L0 
        8020086a         8020086a        0     1                 .L0 
        8020086c         8020086c        0     1                 .L0 
        8020086c         8020086c        0     1                 .L0 
        80200878         80200878        0     1                 .L0 
        80200878         80200878        0     1                 .L0 
        8020087a         8020087a        0     1                 .L0 
        8020087a         8020087a        0     1                 .L0 
        80200884         80200884        0     1                 .L0 
        80200884         80200884        0     1                 .L0 
        80200886         80200886        0     1                 .L0 
        8020088a         8020088a        0     1                 .L0 
        80200892         80200892        0     1                 .L0 
        80200892         80200892        0     1                 .L0 
        80200894         80200894        0     1                 .L0 
        8020089e         8020089e        0     1                 .L0 
        802008a0         802008a0        0     1                 .L0 
        802008a4         802008a4        0     1                 .L0 
        802008a4         802008a4        0     1                 .L0 
        802008a6         802008a6        0     1                 .L0 
        802008a6         802008a6        0     1                 .L0 
        802008b2         802008b2        0     1                 .L0 
        802008b2         802008b2        0     1                 .L0 
        802008b4         802008b4        0     1                 .L0 
        802008b4         802008b4        0     1                 .L0 
        802008bc         802008bc        0     1                 .L0 
        802008bc         802008bc        0     1                 .L0 
        802008c0         802008c0        0     1                 .L0 
        802008c0         802008c0        0     1                 .L0 
        802008c4         802008c4        0     1                 .L0 
        802008c6         802008c6        0     1                 .L0 
        802008d6         802008d6        0     1                 .L0 
        802008d6         802008d6        0     1                 .L0 
        802008da         802008da        0     1                 .L0 
        802008da         802008da        0     1                 .L0 
        802008da         802008da        0     1                 .L0 
        802008da         802008da       10     2         /home/jenning/open-nexus-OS/target/riscv64imac-unknown-none-elf/release/deps/neuron_boot-d5c88378eee30534.neuron_boot.522a42b72d4d446a-cgu.0.rcgu.o:(.text.unlikely._ZN4core9panicking9panic_fmt17h7d476d66cf1fa9e7E)
        802008da         802008da       10     1                 core::panicking::panic_fmt::h7d476d66cf1fa9e7
        802008da         802008da        0     1                 .L0 
        802008da         802008da        0     1                 .L0 
        802008da         802008da        0     1                 $x
        802008da         802008da        0     1                 .L0 
        802008e2         802008e2        0     1                 .L0 
        802008ea         802008ea        0     1                 .L0 
        802008ea         802008ea      1ea     2         /home/jenning/open-nexus-OS/target/riscv64imac-unknown-none-elf/release/deps/neuron_boot-d5c88378eee30534.neuron_boot.522a42b72d4d446a-cgu.0.rcgu.o:(.text._ZN4core3fmt9Formatter12pad_integral17h6aa791d33ce06616E)
        802008ea         802008ea      1ea     1                 core::fmt::Formatter::pad_integral::h6aa791d33ce06616
        802008ea         802008ea        0     1                 .L0 
        802008ea         802008ea        0     1                 .L0 
        802008ea         802008ea        0     1                 $x
        802008ea         802008ea        0     1                 .L0 
        80200908         80200908        0     1                 .L0 
        80200908         80200908        0     1                 .L0 
        80200914         80200914        0     1                 .L0 
        8020091e         8020091e        0     1                 .L0 
        80200922         80200922        0     1                 .L0 
        80200922         80200922        0     1                 .L0 
        80200926         80200926        0     1                 .L0 
        80200928         80200928        0     1                 .L0 
        8020092a         8020092a        0     1                 .L0 
        8020092c         8020092c        0     1                 .L0 
        8020092e         8020092e        0     1                 .L0 
        80200932         80200932        0     1                 .L0 
        80200934         80200934        0     1                 .L0 
        80200934         80200934        0     1                 .L0 
        80200938         80200938        0     1                 .L0 
        8020093e         8020093e        0     1                 .L0 
        80200942         80200942        0     1                 .L0 
        80200942         80200942        0     1                 .L0 
        8020094a         8020094a        0     1                 .L0 
        8020094a         8020094a        0     1                 .L0 
        8020094c         8020094c        0     1                 .L0 
        8020094c         8020094c        0     1                 .L0 
        8020094e         8020094e        0     1                 .L0 
        8020094e         8020094e        0     1                 .L0 
        80200952         80200952        0     1                 .L0 
        80200952         80200952        0     1                 .L0 
        80200954         80200954        0     1                 .L0 
        80200956         80200956        0     1                 .L0 
        80200958         80200958        0     1                 .L0 
        8020095c         8020095c        0     1                 .L0 
        80200960         80200960        0     1                 .L0 
        80200960         80200960        0     1                 .L0 
        80200964         80200964        0     1                 .L0 
        80200964         80200964        0     1                 .L0 
        8020096a         8020096a        0     1                 .L0 
        8020096a         8020096a        0     1                 .L0 
        8020096e         8020096e        0     1                 .L0 
        80200970         80200970        0     1                 .L0 
        80200974         80200974        0     1                 .L0 
        80200974         80200974        0     1                 .L0 
        80200976         80200976        0     1                 .L0 
        80200978         80200978        0     1                 .L0 
        8020097c         8020097c        0     1                 .L0 
        80200980         80200980        0     1                 .L0 
        80200982         80200982        0     1                 .L0 
        80200982         80200982        0     1                 .L0 
        802009c6         802009c6        0     1                 .L0 
        802009c6         802009c6        0     1                 .L0 
        802009d0         802009d0        0     1                 .L0 
        802009d0         802009d0        0     1                 .L0 
        802009d4         802009d4        0     1                 .L0 
        802009d4         802009d4        0     1                 .L0 
        802009dc         802009dc        0     1                 .L0 
        802009dc         802009dc        0     1                 .L0 
        802009e2         802009e2        0     1                 .L0 
        802009e2         802009e2        0     1                 .L0 
        802009e6         802009e6        0     1                 .L0 
        802009e6         802009e6        0     1                 .L0 
        802009fa         802009fa        0     1                 .L0 
        802009fa         802009fa        0     1                 .L0 
        80200a00         80200a00        0     1                 .L0 
        80200a00         80200a00        0     1                 .L0 
        80200a02         80200a02        0     1                 .L0 
        80200a04         80200a04        0     1                 .L0 
        80200a04         80200a04        0     1                 .L0 
        80200a10         80200a10        0     1                 .L0 
        80200a10         80200a10        0     1                 .L0 
        80200a14         80200a14        0     1                 .L0 
        80200a14         80200a14        0     1                 .L0 
        80200a18         80200a18        0     1                 .L0 
        80200a1e         80200a1e        0     1                 .L0 
        80200a2a         80200a2a        0     1                 .L0 
        80200a2e         80200a2e        0     1                 .L0 
        80200a2e         80200a2e        0     1                 .L0 
        80200a30         80200a30        0     1                 .L0 
        80200a32         80200a32        0     1                 .L0 
        80200a32         80200a32        0     1                 .L0 
        80200a3c         80200a3c        0     1                 .L0 
        80200a3c         80200a3c        0     1                 .L0 
        80200a3e         80200a3e        0     1                 .L0 
        80200a3e         80200a3e        0     1                 .L0 
        80200a5a         80200a5a        0     1                 .L0 
        80200a5e         80200a5e        0     1                 .L0 
        80200a76         80200a76        0     1                 .L0 
        80200a88         80200a88        0     1                 .L0 
        80200a88         80200a88        0     1                 .L0 
        80200a90         80200a90        0     1                 .L0 
        80200a90         80200a90        0     1                 .L0 
        80200a94         80200a94        0     1                 .L0 
        80200a94         80200a94        0     1                 .L0 
        80200a98         80200a98        0     1                 .L0 
        80200a98         80200a98        0     1                 .L0 
        80200aa2         80200aa2        0     1                 .L0 
        80200aa2         80200aa2        0     1                 .L0 
        80200aa6         80200aa6        0     1                 .L0 
        80200aa6         80200aa6        0     1                 .L0 
        80200aaa         80200aaa        0     1                 .L0 
        80200aaa         80200aaa        0     1                 .L0 
        80200aac         80200aac        0     1                 .L0 
        80200abe         80200abe        0     1                 .L0 
        80200ac4         80200ac4        0     1                 .L0 
        80200ac8         80200ac8        0     1                 .L0 
        80200ace         80200ace        0     1                 .L0 
        80200ace         80200ace        0     1                 .L0 
        80200ad2         80200ad2        0     1                 .L0 
        80200ad2         80200ad2        0     1                 .L0 
        80200ad4         80200ad4        0     1                 .L0 
        80200ad4         80200ad4        0     1                 .L0 
        80200ad4         80200ad4        0     1                 .L0 
        80200ad4         80200ad4       60     2         /home/jenning/open-nexus-OS/target/riscv64imac-unknown-none-elf/release/deps/neuron_boot-d5c88378eee30534.neuron_boot.522a42b72d4d446a-cgu.0.rcgu.o:(.text._ZN4core3fmt9Formatter12pad_integral12write_prefix17h927c64e80810ee33E)
        80200ad4         80200ad4       60     1                 core::fmt::Formatter::pad_integral::write_prefix::h927c64e80810ee33
        80200ad4         80200ad4        0     1                 .L0 
        80200ad4         80200ad4        0     1                 .L0 
        80200ad4         80200ad4        0     1                 $x
        80200ad4         80200ad4        0     1                 .L0 
        80200aee         80200aee        0     1                 .L0 
        80200af2         80200af2        0     1                 .L0 
        80200b02         80200b02        0     1                 .L0 
        80200b02         80200b02        0     1                 .L0 
        80200b04         80200b04        0     1                 .L0 
        80200b04         80200b04        0     1                 .L0 
        80200b08         80200b08        0     1                 .L0 
        80200b1c         80200b1c        0     1                 .L0 
        80200b20         80200b20        0     1                 .L0 
        80200b22         80200b22        0     1                 .L0 
        80200b30         80200b30        0     1                 .L0 
        80200b34         80200b34        0     1                 .L0 
        80200b34         80200b34        0     1                 .L0 
        80200b34         80200b34        0     1                 .L0 
        80200b34         80200b34       66     2         /home/jenning/open-nexus-OS/target/riscv64imac-unknown-none-elf/release/deps/neuron_boot-d5c88378eee30534.neuron_boot.522a42b72d4d446a-cgu.0.rcgu.o:(.text._ZN4core5slice5index26slice_start_index_len_fail8do_panic7runtime17h6e3c798d95fd9199E)
        80200b34         80200b34       66     1                 core::slice::index::slice_start_index_len_fail::do_panic::runtime::h6e3c798d95fd9199
        80200b34         80200b34        0     1                 .L0 
        80200b34         80200b34        0     1                 .L0 
        80200b34         80200b34        0     1                 $x
        80200b34         80200b34        0     1                 .L0 
        80200b48         80200b48        0     1                 .L0 
        80200b4c         80200b4c        0     1                 .Lpcrel_hi22
        80200b64         80200b64        0     1                 .Lpcrel_hi23
        80200b64         80200b64        0     1                 .L0 
        80200b64         80200b64        0     1                 .L0 
        80200b86         80200b86        0     1                 .Lpcrel_hi24
        80200b86         80200b86        0     1                 .L0 
        80200b9a         80200b9a        0     1                 .L0 
        80200b9a         80200b9a       10     2         /home/jenning/open-nexus-OS/target/riscv64imac-unknown-none-elf/release/deps/neuron_boot-d5c88378eee30534.neuron_boot.522a42b72d4d446a-cgu.0.rcgu.o:(.text.unlikely._ZN4core5slice5index24slice_end_index_len_fail17hfaa8af55cadbec59E)
        80200b9a         80200b9a       10     1                 core::slice::index::slice_end_index_len_fail::hfaa8af55cadbec59
        80200b9a         80200b9a        0     1                 .L0 
        80200b9a         80200b9a        0     1                 .L0 
        80200b9a         80200b9a        0     1                 $x
        80200b9a         80200b9a        0     1                 .L0 
        80200ba2         80200ba2        0     1                 .L0 
        80200ba2         80200ba2        0     1                 .L0 
        80200baa         80200baa        0     1                 .L0 
        80200baa         80200baa       60     2         /home/jenning/open-nexus-OS/target/riscv64imac-unknown-none-elf/release/deps/neuron_boot-d5c88378eee30534.neuron_boot.522a42b72d4d446a-cgu.0.rcgu.o:(.text._ZN4core5slice5index24slice_end_index_len_fail8do_panic7runtime17h8bc32e4504f00095E)
        80200baa         80200baa       60     1                 core::slice::index::slice_end_index_len_fail::do_panic::runtime::h8bc32e4504f00095
        80200baa         80200baa        0     1                 .L0 
        80200baa         80200baa        0     1                 .L0 
        80200baa         80200baa        0     1                 $x
        80200baa         80200baa        0     1                 .L0 
        80200bbe         80200bbe        0     1                 .L0 
        80200bc2         80200bc2        0     1                 .Lpcrel_hi25
        80200bda         80200bda        0     1                 .Lpcrel_hi26
        80200bda         80200bda        0     1                 .L0 
        80200bda         80200bda        0     1                 .L0 
        80200bfc         80200bfc        0     1                 .L0 
        80200c0a         80200c0a        0     1                 .L0 
        80200c0a         80200c0a      306     2         /home/jenning/open-nexus-OS/target/riscv64imac-unknown-none-elf/release/deps/neuron_boot-d5c88378eee30534.neuron_boot.522a42b72d4d446a-cgu.0.rcgu.o:(.text._ZN4core3fmt9Formatter3pad17h8f611053c859c092E)
        80200c0a         80200c0a      306     1                 core::fmt::Formatter::pad::h8f611053c859c092
        80200c0a         80200c0a        0     1                 .L0 
        80200c0a         80200c0a        0     1                 .L0 
        80200c0a         80200c0a        0     1                 $x
        80200c0a         80200c0a        0     1                 .L0 
        80200c20         80200c20        0     1                 .L0 
        80200c20         80200c20        0     1                 .L0 
        80200c26         80200c26        0     1                 .L0 
        80200c2e         80200c2e        0     1                 .L0 
        80200c32         80200c32        0     1                 .L0 
        80200c36         80200c36        0     1                 .L0 
        80200c38         80200c38        0     1                 .L0 
        80200c38         80200c38        0     1                 .L0 
        80200c3e         80200c3e        0     1                 .L0 
        80200c3e         80200c3e        0     1                 .L0 
        80200c40         80200c40        0     1                 .L0 
        80200c40         80200c40        0     1                 .L0 
        80200c4e         80200c4e        0     1                 .L0 
        80200c52         80200c52        0     1                 .L0 
        80200c54         80200c54        0     1                 .L0 
        80200c54         80200c54        0     1                 .L0 
        80200c56         80200c56        0     1                 .L0 
        80200c5c         80200c5c        0     1                 .L0 
        80200c5c         80200c5c        0     1                 .L0 
        80200c60         80200c60        0     1                 .L0 
        80200c60         80200c60        0     1                 .L0 
        80200c64         80200c64        0     1                 .L0 
        80200c64         80200c64        0     1                 .L0 
        80200c68         80200c68        0     1                 .L0 
        80200c6c         80200c6c        0     1                 .L0 
        80200c70         80200c70        0     1                 .L0 
        80200c74         80200c74        0     1                 .L0 
        80200c78         80200c78        0     1                 .L0 
        80200c78         80200c78        0     1                 .L0 
        80200c7e         80200c7e        0     1                 .L0 
        80200c7e         80200c7e        0     1                 .L0 
        80200c82         80200c82        0     1                 .L0 
        80200c84         80200c84        0     1                 .L0 
        80200c88         80200c88        0     1                 .L0 
        80200c8a         80200c8a        0     1                 .L0 
        80200c8a         80200c8a        0     1                 .L0 
        80200c8c         80200c8c        0     1                 .L0 
        80200c8c         80200c8c        0     1                 .L0 
        80200c90         80200c90        0     1                 .L0 
        80200c90         80200c90        0     1                 .L0 
        80200c94         80200c94        0     1                 .L0 
        80200c98         80200c98        0     1                 .L0 
        80200c98         80200c98        0     1                 .L0 
        80200ca0         80200ca0        0     1                 .L0 
        80200ca0         80200ca0        0     1                 .L0 
        80200ca2         80200ca2        0     1                 .L0 
        80200ca6         80200ca6        0     1                 .L0 
        80200cb2         80200cb2        0     1                 .L0 
        80200cb2         80200cb2        0     1                 .L0 
        80200cb6         80200cb6        0     1                 .L0 
        80200cb6         80200cb6        0     1                 .L0 
        80200cb8         80200cb8        0     1                 .L0 
        80200cb8         80200cb8        0     1                 .L0 
        80200cbe         80200cbe        0     1                 .L0 
        80200cbe         80200cbe        0     1                 .L0 
        80200cc2         80200cc2        0     1                 .L0 
        80200cc2         80200cc2        0     1                 .L0 
        80200cc4         80200cc4        0     1                 .L0 
        80200cc4         80200cc4        0     1                 .L0 
        80200cc8         80200cc8        0     1                 .L0 
        80200cc8         80200cc8        0     1                 .L0 
        80200ccc         80200ccc        0     1                 .L0 
        80200cd0         80200cd0        0     1                 .L0 
        80200cd8         80200cd8        0     1                 .L0 
        80200cd8         80200cd8        0     1                 .L0 
        80200cdc         80200cdc        0     1                 .L0 
        80200cde         80200cde        0     1                 .L0 
        80200cde         80200cde        0     1                 .L0 
        80200ce2         80200ce2        0     1                 .L0 
        80200ce8         80200ce8        0     1                 .L0 
        80200cec         80200cec        0     1                 .L0 
        80200cec         80200cec        0     1                 .L0 
        80200cf4         80200cf4        0     1                 .L0 
        80200cf4         80200cf4        0     1                 .L0 
        80200cf6         80200cf6        0     1                 .L0 
        80200cf6         80200cf6        0     1                 .L0 
        80200cf8         80200cf8        0     1                 .L0 
        80200cf8         80200cf8        0     1                 .L0 
        80200cfe         80200cfe        0     1                 .L0 
        80200cfe         80200cfe        0     1                 .L0 
        80200d04         80200d04        0     1                 .L0 
        80200d04         80200d04        0     1                 .L0 
        80200d0c         80200d0c        0     1                 .L0 
        80200d0c         80200d0c        0     1                 .L0 
        80200d12         80200d12        0     1                 .L0 
        80200d12         80200d12        0     1                 .L0 
        80200d16         80200d16        0     1                 .L0 
        80200d18         80200d18        0     1                 .L0 
        80200d1c         80200d1c        0     1                 .L0 
        80200d1c         80200d1c        0     1                 .L0 
        80200d24         80200d24        0     1                 .L0 
        80200d24         80200d24        0     1                 .L0 
        80200d26         80200d26        0     1                 .L0 
        80200d26         80200d26        0     1                 .L0 
        80200d28         80200d28        0     1                 .L0 
        80200d28         80200d28        0     1                 .L0 
        80200d2c         80200d2c        0     1                 .L0 
        80200d2c         80200d2c        0     1                 .L0 
        80200d2e         80200d2e        0     1                 .L0 
        80200d2e         80200d2e        0     1                 .L0 
        80200d30         80200d30        0     1                 .L0 
        80200d38         80200d38        0     1                 .L0 
        80200d3c         80200d3c        0     1                 .L0 
        80200d40         80200d40        0     1                 .L0 
        80200d40         80200d40        0     1                 .L0 
        80200d48         80200d48        0     1                 .L0 
        80200d48         80200d48        0     1                 .L0 
        80200d4a         80200d4a        0     1                 .L0 
        80200d4a         80200d4a        0     1                 .L0 
        80200d4c         80200d4c        0     1                 .L0 
        80200d4c         80200d4c        0     1                 .L0 
        80200d50         80200d50        0     1                 .L0 
        80200d50         80200d50        0     1                 .L0 
        80200d7a         80200d7a        0     1                 .L0 
        80200d82         80200d82        0     1                 .L0 
        80200d8e         80200d8e        0     1                 .L0 
        80200d8e         80200d8e        0     1                 .L0 
        80200d92         80200d92        0     1                 .L0 
        80200d94         80200d94        0     1                 .L0 
        80200d98         80200d98        0     1                 .L0 
        80200d9a         80200d9a        0     1                 .L0 
        80200d9a         80200d9a        0     1                 .L0 
        80200d9e         80200d9e        0     1                 .L0 
        80200da0         80200da0        0     1                 .L0 
        80200da2         80200da2        0     1                 .L0 
        80200da4         80200da4        0     1                 .L0 
        80200da4         80200da4        0     1                 .L0 
        80200da8         80200da8        0     1                 .L0 
        80200db0         80200db0        0     1                 .L0 
        80200db4         80200db4        0     1                 .L0 
        80200db8         80200db8        0     1                 .L0 
        80200db8         80200db8        0     1                 .L0 
        80200dbe         80200dbe        0     1                 .L0 
        80200dbe         80200dbe        0     1                 .L0 
        80200dc2         80200dc2        0     1                 .L0 
        80200dc2         80200dc2        0     1                 .L0 
        80200dcc         80200dcc        0     1                 .L0 
        80200dce         80200dce        0     1                 .L0 
        80200dce         80200dce        0     1                 .L0 
        80200dd2         80200dd2        0     1                 .L0 
        80200dd4         80200dd4        0     1                 .L0 
        80200dd6         80200dd6        0     1                 .L0 
        80200dd6         80200dd6        0     1                 .L0 
        80200dd8         80200dd8        0     1                 .L0 
        80200dd8         80200dd8        0     1                 .L0 
        80200ddc         80200ddc        0     1                 .L0 
        80200ddc         80200ddc        0     1                 .L0 
        80200dde         80200dde        0     1                 .L0 
        80200dde         80200dde        0     1                 .L0 
        80200de2         80200de2        0     1                 .L0 
        80200de4         80200de4        0     1                 .L0 
        80200de4         80200de4        0     1                 .L0 
        80200de6         80200de6        0     1                 .L0 
        80200de6         80200de6        0     1                 .L0 
        80200de8         80200de8        0     1                 .L0 
        80200dec         80200dec        0     1                 .L0 
        80200df0         80200df0        0     1                 .L0 
        80200df2         80200df2        0     1                 .L0 
        80200df4         80200df4        0     1                 .L0 
        80200df6         80200df6        0     1                 .L0 
        80200df6         80200df6        0     1                 .L0 
        80200df8         80200df8        0     1                 .L0 
        80200df8         80200df8        0     1                 .L0 
        80200dfa         80200dfa        0     1                 .L0 
        80200dfa         80200dfa        0     1                 .L0 
        80200dfe         80200dfe        0     1                 .L0 
        80200dfe         80200dfe        0     1                 .L0 
        80200e02         80200e02        0     1                 .L0 
        80200e04         80200e04        0     1                 .L0 
        80200e06         80200e06        0     1                 .L0 
        80200e0a         80200e0a        0     1                 .L0 
        80200e0a         80200e0a        0     1                 .L0 
        80200e0e         80200e0e        0     1                 .L0 
        80200e0e         80200e0e        0     1                 .L0 
        80200e10         80200e10        0     1                 .L0 
        80200e10         80200e10        0     1                 .L0 
        80200e16         80200e16        0     1                 .L0 
        80200e16         80200e16        0     1                 .L0 
        80200e20         80200e20        0     1                 .L0 
        80200e20         80200e20        0     1                 .L0 
        80200e22         80200e22        0     1                 .L0 
        80200e22         80200e22        0     1                 .L0 
        80200e26         80200e26        0     1                 .L0 
        80200e26         80200e26        0     1                 .L0 
        80200e28         80200e28        0     1                 .L0 
        80200e28         80200e28        0     1                 .L0 
        80200e2c         80200e2c        0     1                 .L0 
        80200e2e         80200e2e        0     1                 .L0 
        80200e30         80200e30        0     1                 .L0 
        80200e34         80200e34        0     1                 .L0 
        80200e34         80200e34        0     1                 .L0 
        80200e36         80200e36        0     1                 .L0 
        80200e36         80200e36        0     1                 .L0 
        80200e38         80200e38        0     1                 .L0 
        80200e38         80200e38        0     1                 .L0 
        80200e3a         80200e3a        0     1                 .L0 
        80200e3a         80200e3a        0     1                 .L0 
        80200e3e         80200e3e        0     1                 .L0 
        80200e40         80200e40        0     1                 .L0 
        80200e44         80200e44        0     1                 .L0 
        80200e46         80200e46        0     1                 .L0 
        80200e46         80200e46        0     1                 .L0 
        80200e4a         80200e4a        0     1                 .L0 
        80200e4c         80200e4c        0     1                 .L0 
        80200e4e         80200e4e        0     1                 .L0 
        80200e4e         80200e4e        0     1                 .L0 
        80200e52         80200e52        0     1                 .L0 
        80200e52         80200e52        0     1                 .L0 
        80200e5e         80200e5e        0     1                 .L0 
        80200e5e         80200e5e        0     1                 .L0 
        80200e62         80200e62        0     1                 .L0 
        80200e62         80200e62        0     1                 .L0 
        80200e66         80200e66        0     1                 .L0 
        80200e66         80200e66        0     1                 .L0 
        80200e68         80200e68        0     1                 .L0 
        80200e6a         80200e6a        0     1                 .L0 
        80200e6e         80200e6e        0     1                 .L0 
        80200e72         80200e72        0     1                 .L0 
        80200e74         80200e74        0     1                 .L0 
        80200e74         80200e74        0     1                 .L0 
        80200e94         80200e94        0     1                 .L0 
        80200e94         80200e94        0     1                 .L0 
        80200e98         80200e98        0     1                 .L0 
        80200e9e         80200e9e        0     1                 .L0 
        80200eaa         80200eaa        0     1                 .L0 
        80200eae         80200eae        0     1                 .L0 
        80200eae         80200eae        0     1                 .L0 
        80200eb0         80200eb0        0     1                 .L0 
        80200eb2         80200eb2        0     1                 .L0 
        80200eb2         80200eb2        0     1                 .L0 
        80200ebc         80200ebc        0     1                 .L0 
        80200ebc         80200ebc        0     1                 .L0 
        80200ebe         80200ebe        0     1                 .L0 
        80200ec0         80200ec0        0     1                 .L0 
        80200ec2         80200ec2        0     1                 .L0 
        80200ec2         80200ec2        0     1                 .L0 
        80200ed2         80200ed2        0     1                 .L0 
        80200ed2         80200ed2        0     1                 .L0 
        80200ed4         80200ed4        0     1                 .L0 
        80200ed4         80200ed4        0     1                 .L0 
        80200edc         80200edc        0     1                 .L0 
        80200edc         80200edc        0     1                 .L0 
        80200ee0         80200ee0        0     1                 .L0 
        80200ee0         80200ee0        0     1                 .L0 
        80200ee4         80200ee4        0     1                 .L0 
        80200ee4         80200ee4        0     1                 .L0 
        80200eee         80200eee        0     1                 .L0 
        80200eee         80200eee        0     1                 .L0 
        80200ef4         80200ef4        0     1                 .L0 
        80200ef4         80200ef4        0     1                 .L0 
        80200ef6         80200ef6        0     1                 .L0 
        80200ef6         80200ef6        0     1                 .L0 
        80200efa         80200efa        0     1                 .L0 
        80200efa         80200efa        0     1                 .L0 
        80200f0c         80200f0c        0     1                 .L0 
        80200f10         80200f10        0     1                 .L0 
        80200f10         80200f10        0     1                 .L0 
        80200f10         80200f10        0     1                 .L0 
        80200f10         80200f10       3a     2         /home/jenning/open-nexus-OS/target/riscv64imac-unknown-none-elf/release/deps/neuron_boot-d5c88378eee30534.neuron_boot.522a42b72d4d446a-cgu.0.rcgu.o:(.text.unlikely._ZN4core9panicking5panic17hb4d0934b9ac42290E)
        80200f10         80200f10       3a     1                 core::panicking::panic::hb4d0934b9ac42290
        80200f10         80200f10        0     1                 .L0 
        80200f10         80200f10        0     1                 .L0 
        80200f10         80200f10        0     1                 $x
        80200f10         80200f10        0     1                 .L0 
        80200f18         80200f18        0     1                 .L0 
        80200f24         80200f24        0     1                 .L0 
        80200f24         80200f24        0     1                 .L0 
        80200f3c         80200f3c        0     1                 .L0 
        80200f4a         80200f4a        0     1                 .L0 
        80200f4a         80200f4a       1e     2         /home/jenning/open-nexus-OS/target/riscv64imac-unknown-none-elf/release/deps/neuron_boot-d5c88378eee30534.neuron_boot.522a42b72d4d446a-cgu.0.rcgu.o:(.text._ZN44_$LT$$RF$T$u20$as$u20$core..fmt..Display$GT$3fmt17h7fcd68a6feee1f70E)
        80200f4a         80200f4a       1e     1                 _$LT$$RF$T$u20$as$u20$core..fmt..Display$GT$::fmt::h7fcd68a6feee1f70
        80200f4a         80200f4a        0     1                 .L0 
        80200f4a         80200f4a        0     1                 .L0 
        80200f4a         80200f4a        0     1                 $x
        80200f4a         80200f4a        0     1                 .L0 
        80200f52         80200f52        0     1                 .L0 
        80200f58         80200f58        0     1                 .L0 
        80200f58         80200f58        0     1                 .L0 
        80200f5e         80200f5e        0     1                 .L0 
        80200f68         80200f68        0     1                 .L0 
        80200f68         80200f68       16     2         /home/jenning/open-nexus-OS/target/riscv64imac-unknown-none-elf/release/deps/neuron_boot-d5c88378eee30534.neuron_boot.522a42b72d4d446a-cgu.0.rcgu.o:(.text._ZN42_$LT$$RF$T$u20$as$u20$core..fmt..Debug$GT$3fmt17hde5c24bda823a050E)
        80200f68         80200f68       16     1                 _$LT$$RF$T$u20$as$u20$core..fmt..Debug$GT$::fmt::hde5c24bda823a050
        80200f68         80200f68        0     1                 .L0 
        80200f68         80200f68        0     1                 .L0 
        80200f68         80200f68        0     1                 $x
        80200f68         80200f68        0     1                 .L0 
        80200f70         80200f70        0     1                 .L0 
        80200f74         80200f74        0     1                 .L0 
        80200f7a         80200f7a        0     1                 .L0 
        80200f7e         80200f7e        0     1                 .L0 
        80200f7e         80200f7e       20     2         /home/jenning/open-nexus-OS/target/riscv64imac-unknown-none-elf/release/deps/neuron_boot-d5c88378eee30534.neuron_boot.522a42b72d4d446a-cgu.0.rcgu.o:(.text._ZN59_$LT$core..fmt..Arguments$u20$as$u20$core..fmt..Display$GT$3fmt17h068799489c6e320eE)
        80200f7e         80200f7e       20     1                 _$LT$core..fmt..Arguments$u20$as$u20$core..fmt..Display$GT$::fmt::h068799489c6e320e
        80200f7e         80200f7e        0     1                 .L0 
        80200f7e         80200f7e        0     1                 .L0 
        80200f7e         80200f7e        0     1                 $x
        80200f7e         80200f7e        0     1                 .L0 
        80200f86         80200f86        0     1                 .L0 
        80200f8c         80200f8c        0     1                 .L0 
        80200f94         80200f94        0     1                 .L0 
        80200f9e         80200f9e        0     1                 .L0 
        80200f9e         80200f9e      1b0     2         /home/jenning/open-nexus-OS/target/riscv64imac-unknown-none-elf/release/deps/neuron_boot-d5c88378eee30534.neuron_boot.522a42b72d4d446a-cgu.0.rcgu.o:(.text._ZN4core3fmt5write17h3ee852d2122e67a9E)
        80200f9e         80200f9e      1b0     1                 core::fmt::write::h3ee852d2122e67a9
        80200f9e         80200f9e        0     1                 .L0 
        80200f9e         80200f9e        0     1                 .L0 
        80200f9e         80200f9e        0     1                 $x
        80200f9e         80200f9e        0     1                 .L0 
        80200fb8         80200fb8        0     1                 .L0 
        80200fb8         80200fb8        0     1                 .L0 
        80200fc8         80200fc8        0     1                 .L0 
        80200fc8         80200fc8        0     1                 .L0 
        80200fce         80200fce        0     1                 .L0 
        80200fce         80200fce        0     1                 .L0 
        80200fda         80200fda        0     1                 .L0 
        80200fda         80200fda        0     1                 .L0 
        80200fdc         80200fdc        0     1                 .L0 
        80200fe0         80200fe0        0     1                 .L0 
        80200fe0         80200fe0        0     1                 .L0 
        80200fe4         80200fe4        0     1                 .L0 
        80200fec         80200fec        0     1                 .L0 
        8020100a         8020100a        0     1                 .L0 
        8020100a         8020100a        0     1                 .L0 
        80201010         80201010        0     1                 .L0 
        80201018         80201018        0     1                 .L0 
        8020101c         8020101c        0     1                 .L0 
        80201024         80201024        0     1                 .L0 
        80201024         80201024        0     1                 .L0 
        80201026         80201026        0     1                 .L0 
        8020102a         8020102a        0     1                 .L0 
        8020102e         8020102e        0     1                 .L0 
        80201034         80201034        0     1                 .L0 
        8020103a         8020103a        0     1                 .L0 
        8020103e         8020103e        0     1                 .L0 
        8020103e         8020103e        0     1                 .L0 
        80201042         80201042        0     1                 .L0 
        80201042         80201042        0     1                 .L0 
        80201044         80201044        0     1                 .L0 
        80201046         80201046        0     1                 .L0 
        80201046         80201046        0     1                 .L0 
        8020104a         8020104a        0     1                 .L0 
        80201052         80201052        0     1                 .L0 
        80201052         80201052        0     1                 .L0 
        80201058         80201058        0     1                 .L0 
        80201058         80201058        0     1                 .L0 
        8020105a         8020105a        0     1                 .L0 
        8020105a         8020105a        0     1                 .L0 
        8020105c         8020105c        0     1                 .L0 
        80201060         80201060        0     1                 .L0 
        80201068         80201068        0     1                 .L0 
        80201068         80201068        0     1                 .L0 
[...]
        80867f50         80867f50       24     1         /home/jenning/.rustup/toolchains/nightly-2025-01-15-x86_64-unknown-linux-gnu/lib/rustlib/riscv64imac-unknown-none-elf/lib/libcompiler_builtins-40c1ef24ccedc865.rlib(compiler_builtins-40c1ef24ccedc865.compiler_builtins.122330cc71ddb452-cgu.199.rcgu.o):(.eh_frame+0x14)
        80867f78         80867f78        8     1 . = ALIGN ( 16 )
        80867f80         80867f80       10     8 .data
        80867f80         80867f80        0     1         __global_pointer$ = . + 0x800
        80867f80         80867f80       10     8         /home/jenning/open-nexus-OS/target/riscv64imac-unknown-none-elf/release/deps/neuron_boot-d5c88378eee30534.neuron_boot.522a42b72d4d446a-cgu.0.rcgu.o:(.data._ZN6neuron4task15STACK_ALLOCATOR17h207292c02575fd77E)
        80867f80         80867f80       10     1                 neuron::task::STACK_ALLOCATOR::h207292c02575fd77
        80867f80         80867f80        0     1                 $d
        80867f90         80867f90       70     1 . = ALIGN ( 4096 )
        80868000         80868000   285900  4096 .bss
        80868000         80868000        0     1         __bss_start = .
        80868000         80868000      159     8         /home/jenning/open-nexus-OS/target/riscv64imac-unknown-none-elf/release/deps/neuron_boot-d5c88378eee30534.neuron_boot.522a42b72d4d446a-cgu.0.rcgu.o:(.sbss)
        80868000         80868000        1     1                 __rust_no_alloc_shim_is_unstable
        80868000         80868000        0     1                 $d
        80868001         80868001        1     1                 neuron::boot_mode::BOOT_MODE::h8560c916c137961e (.0)
        80868002         80868002        1     1                 neuron::ipc::DENY_NEXT_SEND::h4a7bdcfb9a8d5017
        80868008         80868008        8     1                 neuron::kmain::cpu_main::LOOP_COUNT::hf005d91ffaac612d
        80868010         80868010        8     1                 neuron::kmain::cpu_main::PICK_MISS_LOGGED::h4b2a2d92bbec15e4
        80868018         80868018        8     1                 neuron::kmain::cpu_main::SEC_PICK_LOGGED::h923a73e28c0f13b1
        80868020         80868020        8     1                 neuron::liveness::PROGRESS_EPOCH::hf871cbd9a1c27897
        80868028         80868028        8     1                 neuron::liveness::LAST_BUMP_TICKS::hc8016d1e32e62abd (.0)
        80868030         80868030        8     1                 neuron::mm::address_space::ADDRESS_SPACES_CREATED::h811be1d183a6ccc3
        80868038         80868038        8     1                 neuron::mm::address_space::ADDRESS_SPACES_DESTROYED::h469de37a1dc5a597
        80868040         80868040        8     1                 neuron::mm::address_space::ADDRESS_SPACES_LIVE::hef8f0a8c7f73977e
        80868048         80868048        8     1                 neuron::mm::address_space::ADDRESS_SPACES_PEAK::h623743b368f8563a
        80868050         80868050        8     1                 neuron::mm::address_space::ADDRESS_SPACE_PT_PAGES_PEAK::h3bc9aff0f6b9f525
        80868058         80868058        8     1                 neuron::mm::address_space::do_preflight_checks_and_switch::LOG_COUNT::h3026eb75d5644d9d
        80868060         80868060        8     1                 neuron::mm::address_space::ensure_rx_guard::LOG_COUNT::h16b0d73ddb7e4530
        80868068         80868068        8     1                 neuron::mm::page_table::HEAP_PT_PAGES_LIVE::h72d44d675b5a11a3
        80868070         80868070        8     1                 neuron::mm::page_table::HEAP_PT_PAGES_TOTAL::h35dd0b6ba4280f75
        80868078         80868078        8     1                 neuron::mm::page_table::HEAP_PT_PAGES_PEAK::hab891c1440ce6e02
        80868080         80868080        8     1                 neuron::mm::page_table::PT_STATIC_POOL_NEXT::h891d4228d12949be
        80868088         80868088        8     1                 neuron::satp::__post_satp_marker::LOG_COUNT::hc5693829119f6eac
        80868090         80868090        8     1                 neuron::satp::satp_switch_island::LOG_COUNT::h71955d3bd8492820
        80868098         80868098        8     1                 neuron::sched::Scheduler::try_enqueue::ENQ_COUNT::h29767971ff2fe937
        808680a0         808680a0        8     1                 neuron::sched::Scheduler::enqueue_on_cpu::REMOTE_ENQ_LOGGED::h9d7fee728f73102f
        808680a8         808680a8        8     1                 neuron::selftest::CHILD_HEARTBEAT::hd94571e9d95331f0 (.0)
        808680b0         808680b0        8     1                 neuron::selftest::DIRECT_RUN_FLAG::h9b30d202b3d2c402 (.0)
        808680b8         808680b8        8     1                 neuron::selftest::alloc_init_page::PAGE_CURSOR::hb322aeaadc959bdc
        808680c0         808680c0        8     1                 neuron::smp::CPUID_FALLBACK_EVENTS::h6e80e692e4916815
        808680c8         808680c8        8     1                 neuron::smp::CPU_ONLINE_MASK::h2e5dccf082d46f9c
        808680d0         808680d0        8     1                 neuron::smp::WORK_STEAL_EVENTS::hbbf5dc122f3f4142
        808680d8         808680d8        8     1                 neuron::smp::SELFTEST_FORCE_IPI_SEND_FAIL::h0d4068809d9b7412 (.0)
        808680e0         808680e0        8     1                 neuron::smp::record_ssoft_trap::SSOFT_LOGGED::h7445273464ead2f5
        808680e8         808680e8        1     1                 neuron::smp::RUNTIME_READY::h82fcd22593ae5dc7 (.0)
        808680f0         808680f0        8     1                 neuron::smp::SPAWN_RR::h83d27498cc216b16
        808680f8         808680f8        8     1                 neuron::smp::LOCK_PING_ROUNDS::h3565cffac8d7a973 (.0)
        80868100         80868100        8     1                 neuron::smp::LOCK_PING_ACKS::hb2de2ac4619b12b7
        80868108         80868108        1     1                 neuron::syscall::api::observe_wake_outcome::LOGGED::h6b1dd2a61887898c
        80868109         80868109        1     1                 neuron::syscall::api::observe_wake_outcome::LOGGED::h5c2e575bd9cfd5ca
        80868110         80868110        8     1                 neuron::task::TaskTable::wake::log_wake_anomaly::WAKE_ANOMALY_LOGGED::hd0c2e4653fee759a
        80868118         80868118        1     1                 neuron::trap::KERNEL_LOCK::hb4e7faf702ad57ca
        80868120         80868120        8     1                 neuron::trap::KernelGuard::acquire::BKL_CONTENTION_LOGGED::h7a1341f81b4f2121
        80868128         80868128        8     1                 neuron::trap::__trap_rust::ECALL_COUNT::h28a4b60c6252a062
        80868130         80868130        8     1                 neuron::trap::__trap_rust::LAST_ECALL_SEPC::h3d4e5866f2512fc9 (.0)
        80868138         80868138        8     1                 neuron::trap::__trap_rust::SAME_ECALL_SEPC_COUNT::h8ffbc8824e3981be
        80868140         80868140        8     1                 neuron::trap::__trap_rust::WARN_COUNT::he43cd42cac54b39b
        80868148         80868148        1     1                 neuron::trap::__trap_rust::LOGGED_ENV_PTRS::he87549b79476b106
        80868150         80868150        8     1                 neuron::trap::__trap_rust::LONG_ECALL_LOGGED::h354be5bc4ff553af
        80868158         80868158        1     1                 neuron::uart::UART0::h104110dbe1b086ee
        80868159         80868159      ea7     1         . = ALIGN ( 4096 )
        80869000         80869000        0     1         __selftest_stack_guard_lo = .
        80869000         80869000     1000     1         . += 0x1000
        8086a000         8086a000        0     1         __selftest_stack_base = .
        8086a000         8086a000    10000     1         /home/jenning/open-nexus-OS/target/riscv64imac-unknown-none-elf/release/deps/neuron_boot-d5c88378eee30534.neuron_boot.522a42b72d4d446a-cgu.0.rcgu.o:(.bss.selftest_stack_body)
        8086a000         8086a000        0     1                 $d
        8086a000         8086a000    10000     1                 neuron::selftest::SELFTEST_STACK::h14dffbc53351e2f2
        8087a000         8087a000        0     1         . = ALIGN ( 4096 )
        8087a000         8087a000        0     1         __selftest_stack_top = .
        8087a000         8087a000        0     1         __selftest_stack_guard_hi = __selftest_stack_top + 0x1000
        8087a000         8087a000        0     1         . = ALIGN ( 4096 )
        8087a000         8087a000        0     1         __satp_island_stack_base = .
        8087a000         8087a000     1000     1         . += 0x1000
        8087b000         8087b000        0     1         __satp_island_stack_top = .
        8087b000         8087b000   200000  4096         /home/jenning/open-nexus-OS/target/riscv64imac-unknown-none-elf/release/deps/neuron_boot-d5c88378eee30534.neuron_boot.522a42b72d4d446a-cgu.0.rcgu.o:(.bss.heap)
        8087b000         8087b000   200000     1                 neuron::HEAP::h035419f88bd4814c
        8087b000         8087b000        0     1                 $d
        80a7b000         80a7b000       90     8         /home/jenning/open-nexus-OS/target/riscv64imac-unknown-none-elf/release/deps/neuron_boot-d5c88378eee30534.neuron_boot.522a42b72d4d446a-cgu.0.rcgu.o:(.bss._ZN6neuron3log6GROUPS17h67fad73a1842fe16E)
        80a7b000         80a7b000       90     1                 neuron::log::GROUPS::h67fad73a1842fe16
        80a7b000         80a7b000        0     1                 $d
        80a7b090         80a7b090      180     4         /home/jenning/open-nexus-OS/target/riscv64imac-unknown-none-elf/release/deps/neuron_boot-d5c88378eee30534.neuron_boot.522a42b72d4d446a-cgu.0.rcgu.o:(.bss._ZN6neuron3irq12IRQ_ENDPOINT17h38d8fd4175b93a7eE)
        80a7b090         80a7b090      180     1                 neuron::irq::IRQ_ENDPOINT::h38d8fd4175b93a7e
        80a7b090         80a7b090        0     1                 $d
        80a7b210         80a7b210      578     8         /home/jenning/open-nexus-OS/target/riscv64imac-unknown-none-elf/release/deps/neuron_boot-d5c88378eee30534.neuron_boot.522a42b72d4d446a-cgu.0.rcgu.o:(.bss._ZN6neuron5kmain12KERNEL_STATE17hff1dc4f5c6e487f2E)
        80a7b210         80a7b210      578     1                 neuron::kmain::KERNEL_STATE::hff1dc4f5c6e487f2
        80a7b210         80a7b210        0     1                 $d
        80a7b788         80a7b788       20     8         /home/jenning/open-nexus-OS/target/riscv64imac-unknown-none-elf/release/deps/neuron_boot-d5c88378eee30534.neuron_boot.522a42b72d4d446a-cgu.0.rcgu.o:(.bss._ZN6neuron5kmain8cpu_main20SCHED_LOOP_ANNOUNCED17hde74e7d4258f023cE)
        80a7b788         80a7b788       20     1                 neuron::kmain::cpu_main::SCHED_LOOP_ANNOUNCED::hde74e7d4258f023c
        80a7b788         80a7b788        0     1                 $d
        80a7b7a8         80a7b7a8       20     8         /home/jenning/open-nexus-OS/target/riscv64imac-unknown-none-elf/release/deps/neuron_boot-d5c88378eee30534.neuron_boot.522a42b72d4d446a-cgu.0.rcgu.o:(.bss._ZN6neuron5kmain8cpu_main18EXEC_PROOF_EMITTED17ha8cc128ecc2c9d3cE)
        80a7b7a8         80a7b7a8       20     1                 neuron::kmain::cpu_main::EXEC_PROOF_EMITTED::ha8cc128ecc2c9d3c
        80a7b7a8         80a7b7a8        0     1                 $d
        80a7c000         80a7c000    40000  4096         /home/jenning/open-nexus-OS/target/riscv64imac-unknown-none-elf/release/deps/neuron_boot-d5c88378eee30534.neuron_boot.522a42b72d4d446a-cgu.0.rcgu.o:(.bss._ZN6neuron2mm10page_table14PT_STATIC_POOL17hf12a41d96eb0649bE)
        80a7c000         80a7c000    40000     1                 neuron::mm::page_table::PT_STATIC_POOL::hf12a41d96eb0649b
        80a7c000         80a7c000        0     1                 $d
        80abc000         80abc000     1000  4096         /home/jenning/open-nexus-OS/target/riscv64imac-unknown-none-elf/release/deps/neuron_boot-d5c88378eee30534.neuron_boot.522a42b72d4d446a-cgu.0.rcgu.o:(.bss._ZN6neuron8selftest15CHILD_DATA_PAGE17hb6ab1608cf2ac978E)
        80abc000         80abc000     1000     1                 neuron::selftest::CHILD_DATA_PAGE::hb6ab1608cf2ac978
        80abc000         80abc000        0     1                 $d
        80abd000         80abd000      600    64         /home/jenning/open-nexus-OS/target/riscv64imac-unknown-none-elf/release/deps/neuron_boot-d5c88378eee30534.neuron_boot.522a42b72d4d446a-cgu.0.rcgu.o:(.bss._ZN6neuron3smp11HART_LOCALS17hf4e450f794a817b2E)
        80abd000         80abd000      600     1                 neuron::smp::HART_LOCALS::hf4e450f794a817b2
        80abd000         80abd000        0     1                 $d
        80abd600         80abd600    30000    16         /home/jenning/open-nexus-OS/target/riscv64imac-unknown-none-elf/release/deps/neuron_boot-d5c88378eee30534.neuron_boot.522a42b72d4d446a-cgu.0.rcgu.o:(.bss)
        80abd600         80abd600    30000     1                 neuron::smp::SECONDARY_HART_STACKS::h9a9ace4e2b816cc6
        80abd600         80abd600        0     1                 $d
        80aed600         80aed600       20     8         /home/jenning/open-nexus-OS/target/riscv64imac-unknown-none-elf/release/deps/neuron_boot-d5c88378eee30534.neuron_boot.522a42b72d4d446a-cgu.0.rcgu.o:(.bss._ZN6neuron3smp15RESCHED_PENDING17h81beda737ad71082E)
        80aed600         80aed600       20     1                 neuron::smp::RESCHED_PENDING::h81beda737ad71082
        80aed600         80aed600        0     1                 $d
        80aed620         80aed620       20     8         /home/jenning/open-nexus-OS/target/riscv64imac-unknown-none-elf/release/deps/neuron_boot-d5c88378eee30534.neuron_boot.522a42b72d4d446a-cgu.0.rcgu.o:(.bss._ZN6neuron3smp20RESCHED_REQ_ACCEPTED17h67dd1d478b0fdee6E)
        80aed620         80aed620       20     1                 neuron::smp::RESCHED_REQ_ACCEPTED::h67dd1d478b0fdee6
        80aed620         80aed620        0     1                 $d
        80aed640         80aed640       20     8         /home/jenning/open-nexus-OS/target/riscv64imac-unknown-none-elf/release/deps/neuron_boot-d5c88378eee30534.neuron_boot.522a42b72d4d446a-cgu.0.rcgu.o:(.bss._ZN6neuron3smp19RESCHED_IPI_SENT_OK17h44bdbcc8234da307E)
        80aed640         80aed640       20     1                 neuron::smp::RESCHED_IPI_SENT_OK::h44bdbcc8234da307
        80aed640         80aed640        0     1                 $d
        80aed660         80aed660       20     8         /home/jenning/open-nexus-OS/target/riscv64imac-unknown-none-elf/release/deps/neuron_boot-d5c88378eee30534.neuron_boot.522a42b72d4d446a-cgu.0.rcgu.o:(.bss._ZN6neuron3smp19RESCHED_SSOFT_TRAPS17h744d519f0e744b6aE)
        80aed660         80aed660       20     1                 neuron::smp::RESCHED_SSOFT_TRAPS::h744d519f0e744b6a
        80aed660         80aed660        0     1                 $d
        80aed680         80aed680       20     8         /home/jenning/open-nexus-OS/target/riscv64imac-unknown-none-elf/release/deps/neuron_boot-d5c88378eee30534.neuron_boot.522a42b72d4d446a-cgu.0.rcgu.o:(.bss._ZN6neuron3smp11RESCHED_ACK17hd1f61551e7d8eaf7E)
        80aed680         80aed680       20     1                 neuron::smp::RESCHED_ACK::hd1f61551e7d8eaf7
        80aed680         80aed680        0     1                 $d
        80aed6a0         80aed6a0       20     8         /home/jenning/open-nexus-OS/target/riscv64imac-unknown-none-elf/release/deps/neuron_boot-d5c88378eee30534.neuron_boot.522a42b72d4d446a-cgu.0.rcgu.o:(.bss._ZN6neuron3smp15USER_DISPATCHES17h17985690d101b4aaE)
        80aed6a0         80aed6a0       20     1                 neuron::smp::USER_DISPATCHES::h17985690d101b4aa
        80aed6a0         80aed6a0        0     1                 $d
        80aed6c0         80aed6c0       20     8         /home/jenning/open-nexus-OS/target/riscv64imac-unknown-none-elf/release/deps/neuron_boot-d5c88378eee30534.neuron_boot.522a42b72d4d446a-cgu.0.rcgu.o:(.bss._ZN6neuron3smp17TLB_FLUSH_PENDING17h5a84bfc41b2a7aa0E)
        80aed6c0         80aed6c0       20     1                 neuron::smp::TLB_FLUSH_PENDING::h5a84bfc41b2a7aa0
        80aed6c0         80aed6c0        0     1                 $d
        80aed6e0         80aed6e0       20     8         /home/jenning/open-nexus-OS/target/riscv64imac-unknown-none-elf/release/deps/neuron_boot-d5c88378eee30534.neuron_boot.522a42b72d4d446a-cgu.0.rcgu.o:(.bss._ZN6neuron3smp13LAST_STEAL_NS17he43d3de35f049668E)
        80aed6e0         80aed6e0       20     1                 neuron::smp::LAST_STEAL_NS::he43d3de35f049668
        80aed6e0         80aed6e0        0     1                 $d
        80aed700         80aed700       20     8         /home/jenning/open-nexus-OS/target/riscv64imac-unknown-none-elf/release/deps/neuron_boot-d5c88378eee30534.neuron_boot.522a42b72d4d446a-cgu.0.rcgu.o:(.bss._ZN6neuron3smp9WAKE_HINT17h1025aba3ac05a54fE)
        80aed700         80aed700       20     1                 neuron::smp::WAKE_HINT::h1025aba3ac05a54f
        80aed700         80aed700        0     1                 $d
        80aed720         80aed720       10     8         /home/jenning/open-nexus-OS/target/riscv64imac-unknown-none-elf/release/deps/neuron_boot-d5c88378eee30534.neuron_boot.522a42b72d4d446a-cgu.0.rcgu.o:(.bss._ZN6neuron3smp17LOCK_PING_COUNTER17h188a2d96c80bcdd9E)
        80aed720         80aed720       10     1                 neuron::smp::LOCK_PING_COUNTER::h188a2d96c80bcdd9
        80aed720         80aed720        0     1                 $d
        80aed730         80aed730      130     8         /home/jenning/open-nexus-OS/target/riscv64imac-unknown-none-elf/release/deps/neuron_boot-d5c88378eee30534.neuron_boot.522a42b72d4d446a-cgu.0.rcgu.o:(.bss._ZN6neuron7syscall3api8VMO_POOL17h020d88b6cfce0bd4E)
        80aed730         80aed730      130     1                 neuron::syscall::api::VMO_POOL::h020d88b6cfce0bd4
        80aed730         80aed730        0     1                 $d
        80aed860         80aed860       58     8         /home/jenning/open-nexus-OS/target/riscv64imac-unknown-none-elf/release/deps/neuron_boot-d5c88378eee30534.neuron_boot.522a42b72d4d446a-cgu.0.rcgu.o:(.bss._ZN6neuron4trap12TRAP_RUNTIME17h5a22d78b19e86527E)
        80aed860         80aed860       58     1                 neuron::trap::TRAP_RUNTIME::h5a22d78b19e86527
        80aed860         80aed860        0     1                 $d
        80aed8b8         80aed8b8       38     8         /home/jenning/open-nexus-OS/target/riscv64imac-unknown-none-elf/release/deps/neuron_boot-d5c88378eee30534.neuron_boot.522a42b72d4d446a-cgu.0.rcgu.o:(.bss._ZN6neuron5ALLOC17h31995efee31e6218E)
        80aed8b8         80aed8b8       38     1                 neuron::ALLOC::h31995efee31e6218
        80aed8b8         80aed8b8        0     1                 $d
        80aed8f0         80aed8f0       10     1         . = ALIGN ( 64 )
        80aed900         80aed900        0     1         . = ALIGN ( 8 )
        80aed900         80aed900        0     1         __bss_end = .
        80aed900         80aed900        0     1 . = ALIGN ( 16 )
        80aed900         80aed900        0     1 __stack_bottom = .
        80aed900         80aed900    10000     1 . += 0x10000
        80afd900         80afd900        0     1 __stack_top = .
               0                0       93     1 .comment
               0                0       93     1         <internal>:(.comment)
               0                0       34     1 .riscv.attributes
               0                0       34     1         <internal>:(.riscv.attributes)
               0                0       57     1 .shstrtab
               0                0       57     1         <internal>:(.shstrtab)
